[Wed Jan 28 17:04:10 2026] PHP 7.4.33 Development Server (http://localhost:8000) started
[Wed Jan 28 17:04:18 2026] [::1]:49270 Accepted
[Wed Jan 28 17:04:18 2026] [::1]:49270 [302]: GET /
[Wed Jan 28 17:04:18 2026] [::1]:49270 Closing
[Wed Jan 28 17:04:18 2026] [::1]:49272 Accepted
[Wed Jan 28 17:04:18 2026] [::1]:49272 [500]: GET /auth/login
[Wed Jan 28 17:04:18 2026] [::1]:49272 Closing
[Wed Jan 28 17:04:30 2026] [::1]:49301 Accepted
[Wed Jan 28 17:04:30 2026] [::1]:49301 [302]: GET /
[Wed Jan 28 17:04:30 2026] [::1]:49301 Closing
[Wed Jan 28 17:04:30 2026] [::1]:49303 Accepted
[Wed Jan 28 17:04:30 2026] [::1]:49303 [200]: GET /auth/login
[Wed Jan 28 17:04:30 2026] [::1]:49303 Closing
[Wed Jan 28 17:05:02 2026] [::1]:49383 Accepted
[Wed Jan 28 17:05:02 2026] [::1]:49383 [302]: GET /
[Wed Jan 28 17:05:02 2026] [::1]:49383 Closing
[Wed Jan 28 17:05:02 2026] [::1]:49384 Accepted
[Wed Jan 28 17:05:02 2026] [::1]:49384 [200]: GET /auth/login
[Wed Jan 28 17:05:02 2026] [::1]:49384 Closing
[Wed Jan 28 17:05:02 2026] [::1]:49386 Accepted
[Wed Jan 28 17:05:02 2026] [::1]:49386 [200]: GET /vendors/simplebar/simplebar.min.js
[Wed Jan 28 17:05:02 2026] [::1]:49387 Accepted
[Wed Jan 28 17:05:02 2026] [::1]:49386 Closing
[Wed Jan 28 17:05:02 2026] [::1]:49388 Accepted
[Wed Jan 28 17:05:02 2026] [::1]:49389 Accepted
[Wed Jan 28 17:05:02 2026] [::1]:49387 [200]: GET /lib_independent/NunitoSans.css
[Wed Jan 28 17:05:02 2026] [::1]:49388 [200]: GET /vendors/simplebar/simplebar.min.css
[Wed Jan 28 17:05:02 2026] [::1]:49387 Closing
[Wed Jan 28 17:05:02 2026] [::1]:49390 Accepted
[Wed Jan 28 17:05:02 2026] [::1]:49389 [200]: GET /assets/css/theme-rtl.min.css
[Wed Jan 28 17:05:02 2026] [::1]:49391 Accepted
[Wed Jan 28 17:05:02 2026] [::1]:49388 Closing
[Wed Jan 28 17:05:02 2026] [::1]:49392 Accepted
[Wed Jan 28 17:05:02 2026] [::1]:49390 [200]: GET /assets/css/theme.min.css
[Wed Jan 28 17:05:02 2026] [::1]:49391 [200]: GET /assets/css/user-rtl.min.css
[Wed Jan 28 17:05:02 2026] [::1]:49393 Accepted
[Wed Jan 28 17:05:02 2026] [::1]:49392 [200]: GET /assets/css/user.min.css
[Wed Jan 28 17:05:02 2026] [::1]:49394 Accepted
[Wed Jan 28 17:05:02 2026] [::1]:49391 Closing
[Wed Jan 28 17:05:02 2026] [::1]:49393 [200]: GET /vendors/bootstrap-datepicker-1.9.0/css/bootstrap-datepicker3.standalone.css
[Wed Jan 28 17:05:02 2026] [::1]:49392 Closing
[Wed Jan 28 17:05:02 2026] [::1]:49395 Accepted
[Wed Jan 28 17:05:02 2026] [::1]:49396 Accepted
[Wed Jan 28 17:05:02 2026] [::1]:49395 [200]: GET /external_img/logo-pdam-13.png
[Wed Jan 28 17:05:02 2026] [::1]:49393 Closing
[Wed Jan 28 17:05:02 2026] [::1]:49394 [200]: GET /assets/js/config.js
[Wed Jan 28 17:05:02 2026] [::1]:49396 [200]: GET /vendors/popper/popper.min.js
[Wed Jan 28 17:05:02 2026] [::1]:49389 Closing
[Wed Jan 28 17:05:02 2026] [::1]:49394 Closing
[Wed Jan 28 17:05:02 2026] [::1]:49396 Closing
[Wed Jan 28 17:05:02 2026] [::1]:49390 Closing
[Wed Jan 28 17:05:02 2026] [::1]:49395 Closing
[Wed Jan 28 17:05:02 2026] [::1]:49397 Accepted
[Wed Jan 28 17:05:02 2026] [::1]:49397 [200]: GET /vendors/bootstrap/bootstrap.min.js
[Wed Jan 28 17:05:02 2026] [::1]:49397 Closing
[Wed Jan 28 17:05:02 2026] [::1]:49398 Accepted
[Wed Jan 28 17:05:02 2026] [::1]:49398 [200]: GET /vendors/anchorjs/anchor.min.js
[Wed Jan 28 17:05:02 2026] [::1]:49398 Closing
[Wed Jan 28 17:05:02 2026] [::1]:49399 Accepted
[Wed Jan 28 17:05:02 2026] [::1]:49400 Accepted
[Wed Jan 28 17:05:02 2026] [::1]:49401 Accepted
[Wed Jan 28 17:05:02 2026] [::1]:49399 [200]: GET /vendors/is/is.min.js
[Wed Jan 28 17:05:02 2026] [::1]:49399 Closing
[Wed Jan 28 17:05:02 2026] [::1]:49402 Accepted
[Wed Jan 28 17:05:02 2026] [::1]:49400 [200]: GET /vendors/fontawesome/all.min.js
[Wed Jan 28 17:05:02 2026] [::1]:49401 [200]: GET /vendors/lodash/lodash.min.js
[Wed Jan 28 17:05:02 2026] [::1]:49403 Accepted
[Wed Jan 28 17:05:02 2026] [::1]:49402 [200]: GET /vendors/list.js/list.min.js
[Wed Jan 28 17:05:02 2026] [::1]:49401 Closing
[Wed Jan 28 17:05:02 2026] [::1]:49403 [200]: GET /vendors/feather-icons/feather.min.js
[Wed Jan 28 17:05:02 2026] [::1]:49404 Accepted
[Wed Jan 28 17:05:02 2026] [::1]:49405 Accepted
[Wed Jan 28 17:05:02 2026] [::1]:49402 Closing
[Wed Jan 28 17:05:02 2026] [::1]:49404 [200]: GET /vendors/dayjs/dayjs.min.js
[Wed Jan 28 17:05:02 2026] [::1]:49403 Closing
[Wed Jan 28 17:05:02 2026] [::1]:49405 [200]: GET /assets/js/phoenix.js
[Wed Jan 28 17:05:02 2026] [::1]:49406 Accepted
[Wed Jan 28 17:05:02 2026] [::1]:49407 Accepted
[Wed Jan 28 17:05:02 2026] [::1]:49406 [200]: GET /lib_independent/jquery-3.7.1.min.js
[Wed Jan 28 17:05:02 2026] [::1]:49408 Accepted
[Wed Jan 28 17:05:02 2026] [::1]:49404 Closing
[Wed Jan 28 17:05:02 2026] [::1]:49407 [200]: GET /lib_independent/dataTables.min.js
[Wed Jan 28 17:05:02 2026] [::1]:49409 Accepted
[Wed Jan 28 17:05:02 2026] [::1]:49405 Closing
[Wed Jan 28 17:05:02 2026] [::1]:49408 [200]: GET /lib_independent/dataTables.bootstrap5.min.js
[Wed Jan 28 17:05:02 2026] [::1]:49409 [200]: GET /lib_independent/select2.min.js
[Wed Jan 28 17:05:02 2026] [::1]:49406 Closing
[Wed Jan 28 17:05:02 2026] [::1]:49407 Closing
[Wed Jan 28 17:05:02 2026] [::1]:49408 Closing
[Wed Jan 28 17:05:02 2026] [::1]:49400 Closing
[Wed Jan 28 17:05:02 2026] [::1]:49409 Closing
[Wed Jan 28 17:05:02 2026] [::1]:49410 Accepted
[Wed Jan 28 17:05:02 2026] [::1]:49411 Accepted
[Wed Jan 28 17:05:02 2026] [::1]:49412 Accepted
[Wed Jan 28 17:05:02 2026] [::1]:49413 Accepted
[Wed Jan 28 17:05:02 2026] [::1]:49414 Accepted
[Wed Jan 28 17:05:02 2026] [::1]:49410 [200]: GET /lib_independent/jquery-confirm.min.js
[Wed Jan 28 17:05:02 2026] [::1]:49411 [200]: GET /lib_independent/notyf.min.js
[Wed Jan 28 17:05:02 2026] [::1]:49412 [200]: GET /lib_independent/jquery.validate.min.js
[Wed Jan 28 17:05:02 2026] [::1]:49413 [200]: GET /lib_independent/additional-methods.min.js
[Wed Jan 28 17:05:02 2026] [::1]:49414 [200]: GET /lib_independent/flatpickr.js
[Wed Jan 28 17:05:02 2026] [::1]:49410 Closing
[Wed Jan 28 17:05:02 2026] [::1]:49411 Closing
[Wed Jan 28 17:05:02 2026] [::1]:49412 Closing
[Wed Jan 28 17:05:02 2026] [::1]:49413 Closing
[Wed Jan 28 17:05:02 2026] [::1]:49414 Closing
[Wed Jan 28 17:05:02 2026] [::1]:49415 Accepted
[Wed Jan 28 17:05:02 2026] [::1]:49416 Accepted
[Wed Jan 28 17:05:02 2026] [::1]:49417 Accepted
[Wed Jan 28 17:05:02 2026] [::1]:49418 Accepted
[Wed Jan 28 17:05:02 2026] [::1]:49415 [200]: GET /lib_independent/index.js
[Wed Jan 28 17:05:02 2026] [::1]:49416 [200]: GET /lib_independent/id.js
[Wed Jan 28 17:05:02 2026] [::1]:49417 [200]: GET /lib_independent/moment-with-locales.min.js
[Wed Jan 28 17:05:02 2026] [::1]:49419 Accepted
[Wed Jan 28 17:05:02 2026] [::1]:49418 [200]: GET /vendors/summernote-0.9.0/summernote-bs5.min.js
[Wed Jan 28 17:05:02 2026] [::1]:49420 Accepted
[Wed Jan 28 17:05:02 2026] [::1]:49419 [200]: GET /vendors/bootstrap-datepicker-1.9.0/js/bootstrap-datepicker.min.js
[Wed Jan 28 17:05:02 2026] [::1]:49421 Accepted
[Wed Jan 28 17:05:02 2026] [::1]:49415 Closing
[Wed Jan 28 17:05:02 2026] [::1]:49416 Closing
[Wed Jan 28 17:05:02 2026] [::1]:49420 [200]: GET /vendors/bootstrap-datepicker-1.9.0/locales/bootstrap-datepicker.id.min.js
[Wed Jan 28 17:05:02 2026] [::1]:49422 Accepted
[Wed Jan 28 17:05:02 2026] [::1]:49421 [200]: GET /assets/img/bg/37.png
[Wed Jan 28 17:05:02 2026] [::1]:49422 [200]: GET /assets/img/bg/38.png
[Wed Jan 28 17:05:02 2026] [::1]:49417 Closing
[Wed Jan 28 17:05:02 2026] [::1]:49418 Closing
[Wed Jan 28 17:05:02 2026] [::1]:49419 Closing
[Wed Jan 28 17:05:02 2026] [::1]:49420 Closing
[Wed Jan 28 17:05:02 2026] [::1]:49422 Closing
[Wed Jan 28 17:05:02 2026] [::1]:49421 Closing
[Wed Jan 28 17:05:02 2026] [::1]:49432 Accepted
[Wed Jan 28 17:05:02 2026] [::1]:49432 [200]: GET /external_img/favicons/manifest.json
[Wed Jan 28 17:05:02 2026] [::1]:49432 Closing
[Wed Jan 28 17:05:02 2026] [::1]:49433 Accepted
[Wed Jan 28 17:05:02 2026] [::1]:49433 [200]: GET /external_img/favicons/favicon.ico
[Wed Jan 28 17:05:02 2026] [::1]:49433 Closing
[Wed Jan 28 17:05:21 2026] [::1]:49475 Accepted
[Wed Jan 28 17:05:21 2026] [::1]:49475 [302]: POST /auth/login
[Wed Jan 28 17:05:21 2026] [::1]:49475 Closing
[Wed Jan 28 17:05:21 2026] [::1]:49476 Accepted
[Wed Jan 28 17:05:21 2026] [::1]:49476 [200]: GET /auth/login
[Wed Jan 28 17:05:21 2026] [::1]:49476 Closing
[Wed Jan 28 17:05:21 2026] [::1]:49479 Accepted
[Wed Jan 28 17:05:21 2026] [::1]:49480 Accepted
[Wed Jan 28 17:05:21 2026] [::1]:49481 Accepted
[Wed Jan 28 17:05:21 2026] [::1]:49479 [200]: GET /vendors/simplebar/simplebar.min.js
[Wed Jan 28 17:05:21 2026] [::1]:49482 Accepted
[Wed Jan 28 17:05:21 2026] [::1]:49480 [200]: GET /lib_independent/NunitoSans.css
[Wed Jan 28 17:05:21 2026] [::1]:49483 Accepted
[Wed Jan 28 17:05:21 2026] [::1]:49479 Closing
[Wed Jan 28 17:05:21 2026] [::1]:49481 [200]: GET /vendors/simplebar/simplebar.min.css
[Wed Jan 28 17:05:21 2026] [::1]:49482 [200]: GET /assets/css/theme-rtl.min.css
[Wed Jan 28 17:05:21 2026] [::1]:49484 Accepted
[Wed Jan 28 17:05:21 2026] [::1]:49480 Closing
[Wed Jan 28 17:05:21 2026] [::1]:49483 [200]: GET /assets/css/theme.min.css
[Wed Jan 28 17:05:21 2026] [::1]:49485 Accepted
[Wed Jan 28 17:05:21 2026] [::1]:49481 Closing
[Wed Jan 28 17:05:21 2026] [::1]:49484 [200]: GET /assets/css/user-rtl.min.css
[Wed Jan 28 17:05:21 2026] [::1]:49486 Accepted
[Wed Jan 28 17:05:21 2026] [::1]:49485 [200]: GET /assets/css/user.min.css
[Wed Jan 28 17:05:21 2026] [::1]:49487 Accepted
[Wed Jan 28 17:05:21 2026] [::1]:49486 [200]: GET /vendors/bootstrap-datepicker-1.9.0/css/bootstrap-datepicker3.standalone.css
[Wed Jan 28 17:05:21 2026] [::1]:49484 Closing
[Wed Jan 28 17:05:21 2026] [::1]:49487 [200]: GET /assets/js/config.js
[Wed Jan 28 17:05:21 2026] [::1]:49485 Closing
[Wed Jan 28 17:05:21 2026] [::1]:49488 Accepted
[Wed Jan 28 17:05:21 2026] [::1]:49486 Closing
[Wed Jan 28 17:05:21 2026] [::1]:49489 Accepted
[Wed Jan 28 17:05:21 2026] [::1]:49488 [200]: GET /external_img/logo-pdam-13.png
[Wed Jan 28 17:05:21 2026] [::1]:49487 Closing
[Wed Jan 28 17:05:21 2026] [::1]:49489 [200]: GET /vendors/popper/popper.min.js
[Wed Jan 28 17:05:21 2026] [::1]:49482 Closing
[Wed Jan 28 17:05:21 2026] [::1]:49483 Closing
[Wed Jan 28 17:05:21 2026] [::1]:49489 Closing
[Wed Jan 28 17:05:21 2026] [::1]:49488 Closing
[Wed Jan 28 17:05:22 2026] [::1]:49490 Accepted
[Wed Jan 28 17:05:22 2026] [::1]:49490 [200]: GET /vendors/bootstrap/bootstrap.min.js
[Wed Jan 28 17:05:22 2026] [::1]:49490 Closing
[Wed Jan 28 17:05:22 2026] [::1]:49491 Accepted
[Wed Jan 28 17:05:22 2026] [::1]:49491 [200]: GET /vendors/anchorjs/anchor.min.js
[Wed Jan 28 17:05:22 2026] [::1]:49491 Closing
[Wed Jan 28 17:05:22 2026] [::1]:49492 Accepted
[Wed Jan 28 17:05:22 2026] [::1]:49492 [200]: GET /vendors/is/is.min.js
[Wed Jan 28 17:05:22 2026] [::1]:49493 Accepted
[Wed Jan 28 17:05:22 2026] [::1]:49494 Accepted
[Wed Jan 28 17:05:22 2026] [::1]:49495 Accepted
[Wed Jan 28 17:05:22 2026] [::1]:49492 Closing
[Wed Jan 28 17:05:22 2026] [::1]:49493 [200]: GET /vendors/fontawesome/all.min.js
[Wed Jan 28 17:05:22 2026] [::1]:49494 [200]: GET /vendors/lodash/lodash.min.js
[Wed Jan 28 17:05:22 2026] [::1]:49496 Accepted
[Wed Jan 28 17:05:22 2026] [::1]:49495 [200]: GET /vendors/list.js/list.min.js
[Wed Jan 28 17:05:22 2026] [::1]:49497 Accepted
[Wed Jan 28 17:05:22 2026] [::1]:49496 [200]: GET /vendors/feather-icons/feather.min.js
[Wed Jan 28 17:05:22 2026] [::1]:49494 Closing
[Wed Jan 28 17:05:22 2026] [::1]:49497 [200]: GET /vendors/dayjs/dayjs.min.js
[Wed Jan 28 17:05:22 2026] [::1]:49495 Closing
[Wed Jan 28 17:05:22 2026] [::1]:49498 Accepted
[Wed Jan 28 17:05:22 2026] [::1]:49496 Closing
[Wed Jan 28 17:05:22 2026] [::1]:49499 Accepted
[Wed Jan 28 17:05:22 2026] [::1]:49498 [200]: GET /assets/js/phoenix.js
[Wed Jan 28 17:05:22 2026] [::1]:49497 Closing
[Wed Jan 28 17:05:22 2026] [::1]:49500 Accepted
[Wed Jan 28 17:05:22 2026] [::1]:49499 [200]: GET /lib_independent/jquery-3.7.1.min.js
[Wed Jan 28 17:05:22 2026] [::1]:49501 Accepted
[Wed Jan 28 17:05:22 2026] [::1]:49500 [200]: GET /lib_independent/dataTables.min.js
[Wed Jan 28 17:05:22 2026] [::1]:49502 Accepted
[Wed Jan 28 17:05:22 2026] [::1]:49501 [200]: GET /assets/img/bg/37.png
[Wed Jan 28 17:05:22 2026] [::1]:49503 Accepted
[Wed Jan 28 17:05:22 2026] [::1]:49498 Closing
[Wed Jan 28 17:05:22 2026] [::1]:49499 Closing
[Wed Jan 28 17:05:22 2026] [::1]:49502 [200]: GET /assets/img/bg/38.png
[Wed Jan 28 17:05:22 2026] [::1]:49504 Accepted
[Wed Jan 28 17:05:22 2026] [::1]:49500 Closing
[Wed Jan 28 17:05:22 2026] [::1]:49503 [200]: GET /lib_independent/dataTables.bootstrap5.min.js
[Wed Jan 28 17:05:22 2026] [::1]:49505 Accepted
[Wed Jan 28 17:05:22 2026] [::1]:49504 [200]: GET /lib_independent/select2.min.js
[Wed Jan 28 17:05:22 2026] [::1]:49505 [200]: GET /lib_independent/jquery-confirm.min.js
[Wed Jan 28 17:05:22 2026] [::1]:49501 Closing
[Wed Jan 28 17:05:22 2026] [::1]:49502 Closing
[Wed Jan 28 17:05:22 2026] [::1]:49506 Accepted
[Wed Jan 28 17:05:22 2026] [::1]:49493 Closing
[Wed Jan 28 17:05:22 2026] [::1]:49503 Closing
[Wed Jan 28 17:05:22 2026] [::1]:49507 Accepted
[Wed Jan 28 17:05:22 2026] [::1]:49506 [200]: GET /lib_independent/notyf.min.js
[Wed Jan 28 17:05:22 2026] [::1]:49504 Closing
[Wed Jan 28 17:05:22 2026] [::1]:49508 Accepted
[Wed Jan 28 17:05:22 2026] [::1]:49507 [200]: GET /lib_independent/jquery.validate.min.js
[Wed Jan 28 17:05:22 2026] [::1]:49505 Closing
[Wed Jan 28 17:05:22 2026] [::1]:49509 Accepted
[Wed Jan 28 17:05:22 2026] [::1]:49508 [200]: GET /lib_independent/additional-methods.min.js
[Wed Jan 28 17:05:22 2026] [::1]:49506 Closing
[Wed Jan 28 17:05:22 2026] [::1]:49509 [200]: GET /lib_independent/flatpickr.js
[Wed Jan 28 17:05:22 2026] [::1]:49507 Closing
[Wed Jan 28 17:05:22 2026] [::1]:49508 Closing
[Wed Jan 28 17:05:22 2026] [::1]:49509 Closing
[Wed Jan 28 17:05:22 2026] [::1]:49510 Accepted
[Wed Jan 28 17:05:22 2026] [::1]:49511 Accepted
[Wed Jan 28 17:05:22 2026] [::1]:49512 Accepted
[Wed Jan 28 17:05:22 2026] [::1]:49510 [200]: GET /lib_independent/index.js
[Wed Jan 28 17:05:22 2026] [::1]:49511 [200]: GET /lib_independent/id.js
[Wed Jan 28 17:05:22 2026] [::1]:49513 Accepted
[Wed Jan 28 17:05:22 2026] [::1]:49512 [200]: GET /lib_independent/moment-with-locales.min.js
[Wed Jan 28 17:05:22 2026] [::1]:49514 Accepted
[Wed Jan 28 17:05:22 2026] [::1]:49513 [200]: GET /vendors/summernote-0.9.0/summernote-bs5.min.js
[Wed Jan 28 17:05:22 2026] [::1]:49515 Accepted
[Wed Jan 28 17:05:22 2026] [::1]:49510 Closing
[Wed Jan 28 17:05:22 2026] [::1]:49511 Closing
[Wed Jan 28 17:05:22 2026] [::1]:49514 [200]: GET /vendors/bootstrap-datepicker-1.9.0/js/bootstrap-datepicker.min.js
[Wed Jan 28 17:05:22 2026] [::1]:49515 [200]: GET /vendors/bootstrap-datepicker-1.9.0/locales/bootstrap-datepicker.id.min.js
[Wed Jan 28 17:05:22 2026] [::1]:49512 Closing
[Wed Jan 28 17:05:22 2026] [::1]:49513 Closing
[Wed Jan 28 17:05:22 2026] [::1]:49514 Closing
[Wed Jan 28 17:05:22 2026] [::1]:49515 Closing
[Wed Jan 28 17:05:22 2026] [::1]:49516 Accepted
[Wed Jan 28 17:05:22 2026] [::1]:49516 [200]: GET /external_img/favicons/manifest.json
[Wed Jan 28 17:05:22 2026] [::1]:49516 Closing
[Wed Jan 28 17:05:37 2026] [::1]:49554 Accepted
[Wed Jan 28 17:05:37 2026] [::1]:49554 [302]: POST /auth/login
[Wed Jan 28 17:05:37 2026] [::1]:49554 Closing
[Wed Jan 28 17:05:37 2026] [::1]:49555 Accepted
[Wed Jan 28 17:05:37 2026] [::1]:49555 [200]: GET /panel/dashboard
[Wed Jan 28 17:05:37 2026] [::1]:49555 Closing
[Wed Jan 28 17:05:37 2026] [::1]:49558 Accepted
[Wed Jan 28 17:05:37 2026] [::1]:49558 [200]: GET /lib_independent/font-awesome.min.css
[Wed Jan 28 17:05:37 2026] [::1]:49558 Closing
[Wed Jan 28 17:05:37 2026] [::1]:49559 Accepted
[Wed Jan 28 17:05:37 2026] [::1]:49560 Accepted
[Wed Jan 28 17:05:37 2026] [::1]:49559 [200]: GET /lib_independent/jquery-confirm.min.css
[Wed Jan 28 17:05:37 2026] [::1]:49561 Accepted
[Wed Jan 28 17:05:37 2026] [::1]:49560 [200]: GET /lib_independent/notyf.min.css
[Wed Jan 28 17:05:37 2026] [::1]:49559 Closing
[Wed Jan 28 17:05:37 2026] [::1]:49562 Accepted
[Wed Jan 28 17:05:37 2026] [::1]:49560 Closing
[Wed Jan 28 17:05:37 2026] [::1]:49561 [200]: GET /vendors/simplebar/simplebar.min.js
[Wed Jan 28 17:05:37 2026] [::1]:49561 Closing
[Wed Jan 28 17:05:37 2026] [::1]:49562 [200]: GET /lib_independent/css2.css
[Wed Jan 28 17:05:37 2026] [::1]:49563 Accepted
[Wed Jan 28 17:05:37 2026] [::1]:49564 Accepted
[Wed Jan 28 17:05:37 2026] [::1]:49563 [200]: GET /vendors/simplebar/simplebar.min.css
[Wed Jan 28 17:05:37 2026] [::1]:49565 Accepted
[Wed Jan 28 17:05:37 2026] [::1]:49562 Closing
[Wed Jan 28 17:05:37 2026] [::1]:49566 Accepted
[Wed Jan 28 17:05:37 2026] [::1]:49564 [200]: GET /assets/css/theme-rtl.min.css
[Wed Jan 28 17:05:37 2026] [::1]:49567 Accepted
[Wed Jan 28 17:05:37 2026] [::1]:49566 [200]: GET /assets/css/user-rtl.min.css
[Wed Jan 28 17:05:37 2026] [::1]:49563 Closing
[Wed Jan 28 17:05:37 2026] [::1]:49565 [200]: GET /assets/css/theme.min.css
[Wed Jan 28 17:05:37 2026] [::1]:49568 Accepted
[Wed Jan 28 17:05:37 2026] [::1]:49566 Closing
[Wed Jan 28 17:05:37 2026] [::1]:49567 [200]: GET /assets/css/user.min.css
[Wed Jan 28 17:05:37 2026] [::1]:49569 Accepted
[Wed Jan 28 17:05:37 2026] [::1]:49568 [200]: GET /vendors/choices/choices.min.css
[Wed Jan 28 17:05:37 2026] [::1]:49567 Closing
[Wed Jan 28 17:05:37 2026] [::1]:49570 Accepted
[Wed Jan 28 17:05:37 2026] [::1]:49571 Accepted
[Wed Jan 28 17:05:37 2026] [::1]:49570 [200]: GET /lib_independent/style.css
[Wed Jan 28 17:05:37 2026] [::1]:49568 Closing
[Wed Jan 28 17:05:37 2026] [::1]:49569 [200]: GET /lib_independent/flatpickr.css
[Wed Jan 28 17:05:37 2026] [::1]:49564 Closing
[Wed Jan 28 17:05:37 2026] [::1]:49565 Closing
[Wed Jan 28 17:05:37 2026] [::1]:49571 [200]: GET /lib_independent/light.css
[Wed Jan 28 17:05:37 2026] [::1]:49570 Closing
[Wed Jan 28 17:05:37 2026] [::1]:49569 Closing
[Wed Jan 28 17:05:37 2026] [::1]:49571 Closing
[Wed Jan 28 17:05:37 2026] [::1]:49572 Accepted
[Wed Jan 28 17:05:37 2026] [::1]:49573 Accepted
[Wed Jan 28 17:05:37 2026] [::1]:49574 Accepted
[Wed Jan 28 17:05:37 2026] [::1]:49572 [200]: GET /vendors/summernote-0.9.0/summernote-bs5.min.css
[Wed Jan 28 17:05:37 2026] [::1]:49573 [200]: GET /vendors/bootstrap-datepicker-1.9.0/css/bootstrap-datepicker3.standalone.css
[Wed Jan 28 17:05:37 2026] [::1]:49575 Accepted
[Wed Jan 28 17:05:37 2026] [::1]:49574 [200]: GET /assets/js/config.js
[Wed Jan 28 17:05:37 2026] [::1]:49575 [200]: GET /external_img/logo-pdam-13.png
[Wed Jan 28 17:05:37 2026] [::1]:49572 Closing
[Wed Jan 28 17:05:37 2026] [::1]:49573 Closing
[Wed Jan 28 17:05:37 2026] [::1]:49574 Closing
[Wed Jan 28 17:05:37 2026] [::1]:49575 Closing
[Wed Jan 28 17:05:37 2026] [::1]:49576 Accepted
[Wed Jan 28 17:05:37 2026] [::1]:49576 [200]: GET /vendors/popper/popper.min.js
[Wed Jan 28 17:05:37 2026] [::1]:49576 Closing
[Wed Jan 28 17:05:37 2026] [::1]:49577 Accepted
[Wed Jan 28 17:05:37 2026] [::1]:49578 Accepted
[Wed Jan 28 17:05:37 2026] [::1]:49577 [200]: GET /vendors/bootstrap/bootstrap.min.js
[Wed Jan 28 17:05:37 2026] [::1]:49578 [200]: GET /vendors/anchorjs/anchor.min.js
[Wed Jan 28 17:05:37 2026] [::1]:49577 Closing
[Wed Jan 28 17:05:37 2026] [::1]:49578 Closing
[Wed Jan 28 17:05:37 2026] [::1]:49579 Accepted
[Wed Jan 28 17:05:37 2026] [::1]:49580 Accepted
[Wed Jan 28 17:05:37 2026] [::1]:49581 Accepted
[Wed Jan 28 17:05:37 2026] [::1]:49579 [200]: GET /vendors/is/is.min.js
[Wed Jan 28 17:05:37 2026] [::1]:49582 Accepted
[Wed Jan 28 17:05:37 2026] [::1]:49579 Closing
[Wed Jan 28 17:05:37 2026] [::1]:49580 [200]: GET /vendors/fontawesome/all.min.js
[Wed Jan 28 17:05:37 2026] [::1]:49581 [200]: GET /vendors/lodash/lodash.min.js
[Wed Jan 28 17:05:37 2026] [::1]:49583 Accepted
[Wed Jan 28 17:05:37 2026] [::1]:49584 Accepted
[Wed Jan 28 17:05:37 2026] [::1]:49581 Closing
[Wed Jan 28 17:05:37 2026] [::1]:49582 [200]: GET /vendors/list.js/list.min.js
[Wed Jan 28 17:05:37 2026] [::1]:49585 Accepted
[Wed Jan 28 17:05:37 2026] [::1]:49583 [200]: GET /vendors/feather-icons/feather.min.js
[Wed Jan 28 17:05:37 2026] [::1]:49584 [200]: GET /vendors/dayjs/dayjs.min.js
[Wed Jan 28 17:05:37 2026] [::1]:49585 [200]: GET /vendors/choices/choices.min.js
[Wed Jan 28 17:05:37 2026] [::1]:49582 Closing
[Wed Jan 28 17:05:37 2026] [::1]:49586 Accepted
[Wed Jan 28 17:05:37 2026] [::1]:49587 Accepted
[Wed Jan 28 17:05:37 2026] [::1]:49586 [200]: GET /vendors/prism/prism.js
[Wed Jan 28 17:05:37 2026] [::1]:49583 Closing
[Wed Jan 28 17:05:37 2026] [::1]:49584 Closing
[Wed Jan 28 17:05:37 2026] [::1]:49585 Closing
[Wed Jan 28 17:05:37 2026] [::1]:49587 [200]: GET /assets/js/phoenix.js
[Wed Jan 28 17:05:37 2026] [::1]:49588 Accepted
[Wed Jan 28 17:05:37 2026] [::1]:49586 Closing
[Wed Jan 28 17:05:37 2026] [::1]:49589 Accepted
[Wed Jan 28 17:05:37 2026] [::1]:49588 [200]: GET /lib_independent/jquery-3.7.1.min.js
[Wed Jan 28 17:05:37 2026] [::1]:49589 [200]: GET /lib_independent/dataTables.min.js
[Wed Jan 28 17:05:37 2026] [::1]:49587 Closing
[Wed Jan 28 17:05:37 2026] [::1]:49580 Closing
[Wed Jan 28 17:05:37 2026] [::1]:49590 Accepted
[Wed Jan 28 17:05:37 2026] [::1]:49588 Closing
[Wed Jan 28 17:05:37 2026] [::1]:49591 Accepted
[Wed Jan 28 17:05:37 2026] [::1]:49589 Closing
[Wed Jan 28 17:05:37 2026] [::1]:49592 Accepted
[Wed Jan 28 17:05:37 2026] [::1]:49590 [200]: GET /lib_independent/dataTables.bootstrap5.min.js
[Wed Jan 28 17:05:37 2026] [::1]:49591 [200]: GET /lib_independent/select2.min.js
[Wed Jan 28 17:05:37 2026] [::1]:49593 Accepted
[Wed Jan 28 17:05:37 2026] [::1]:49594 Accepted
[Wed Jan 28 17:05:37 2026] [::1]:49595 Accepted
[Wed Jan 28 17:05:37 2026] [::1]:49590 Closing
[Wed Jan 28 17:05:37 2026] [::1]:49591 Closing
[Wed Jan 28 17:05:37 2026] [::1]:49596 Accepted
[Wed Jan 28 17:05:37 2026] [::1]:49592 [200]: GET /lib_independent/jquery-confirm.min.js
[Wed Jan 28 17:05:37 2026] [::1]:49593 [200]: GET /lib_independent/notyf.min.js
[Wed Jan 28 17:05:37 2026] [::1]:49594 [200]: GET /lib_independent/jquery.validate.min.js
[Wed Jan 28 17:05:37 2026] [::1]:49597 Accepted
[Wed Jan 28 17:05:37 2026] [::1]:49596 [200]: GET /lib_independent/flatpickr.js
[Wed Jan 28 17:05:37 2026] [::1]:49595 [200]: GET /lib_independent/additional-methods.min.js
[Wed Jan 28 17:05:37 2026] [::1]:49597 [200]: GET /lib_independent/index.js
[Wed Jan 28 17:05:37 2026] [::1]:49592 Closing
[Wed Jan 28 17:05:37 2026] [::1]:49593 Closing
[Wed Jan 28 17:05:37 2026] [::1]:49594 Closing
[Wed Jan 28 17:05:37 2026] [::1]:49598 Accepted
[Wed Jan 28 17:05:37 2026] [::1]:49596 Closing
[Wed Jan 28 17:05:37 2026] [::1]:49595 Closing
[Wed Jan 28 17:05:37 2026] [::1]:49597 Closing
[Wed Jan 28 17:05:37 2026] [::1]:49599 Accepted
[Wed Jan 28 17:05:37 2026] [::1]:49600 Accepted
[Wed Jan 28 17:05:37 2026] [::1]:49599 [200]: GET /lib_independent/moment-with-locales.min.js
[Wed Jan 28 17:05:37 2026] [::1]:49598 [200]: GET /lib_independent/id.js
[Wed Jan 28 17:05:37 2026] [::1]:49601 Accepted
[Wed Jan 28 17:05:37 2026] [::1]:49600 [200]: GET /vendors/summernote-0.9.0/summernote-bs5.min.js
[Wed Jan 28 17:05:37 2026] [::1]:49602 Accepted
[Wed Jan 28 17:05:37 2026] [::1]:49601 [200]: GET /vendors/bootstrap-datepicker-1.9.0/js/bootstrap-datepicker.min.js
[Wed Jan 28 17:05:37 2026] [::1]:49603 Accepted
[Wed Jan 28 17:05:37 2026] [::1]:49598 Closing
[Wed Jan 28 17:05:37 2026] [::1]:49602 [200]: GET /vendors/bootstrap-datepicker-1.9.0/locales/bootstrap-datepicker.id.min.js
[Wed Jan 28 17:05:37 2026] [::1]:49604 Accepted
[Wed Jan 28 17:05:37 2026] [::1]:49603 [200]: GET /lib_independent/shortcut.js
[Wed Jan 28 17:05:37 2026] [::1]:49605 Accepted
[Wed Jan 28 17:05:37 2026] [::1]:49599 Closing
[Wed Jan 28 17:05:37 2026] [::1]:49600 Closing
[Wed Jan 28 17:05:37 2026] [::1]:49604 [200]: GET /vendors/echarts/echarts.min.js
[Wed Jan 28 17:05:37 2026] [::1]:49601 Closing
[Wed Jan 28 17:05:37 2026] [::1]:49602 Closing
[Wed Jan 28 17:05:37 2026] [::1]:49603 Closing
[Wed Jan 28 17:05:37 2026] [::1]:49606 Accepted
[Wed Jan 28 17:05:37 2026] [::1]:49605 [404]: GET /external_img/logo-pdamid-13.png - No such file or directory
[Wed Jan 28 17:05:37 2026] [::1]:49607 Accepted
[Wed Jan 28 17:05:37 2026] [::1]:49605 Closing
[Wed Jan 28 17:05:37 2026] [::1]:49606 [200]: GET /assets/img/generic/default-light.png
[Wed Jan 28 17:05:37 2026] [::1]:49607 [200]: GET /assets/img/generic/default-dark.png
[Wed Jan 28 17:05:37 2026] [::1]:49608 Accepted
[Wed Jan 28 17:05:37 2026] [::1]:49609 Accepted
[Wed Jan 28 17:05:37 2026] [::1]:49606 Closing
[Wed Jan 28 17:05:37 2026] [::1]:49607 Closing
[Wed Jan 28 17:05:37 2026] [::1]:49608 [200]: GET /assets/img/generic/auto.png
[Wed Jan 28 17:05:37 2026] [::1]:49610 Accepted
[Wed Jan 28 17:05:37 2026] [::1]:49609 [200]: GET /assets/img/generic/top-default.png
[Wed Jan 28 17:05:37 2026] [::1]:49610 [200]: GET /assets/img/generic/top-default-dark.png
[Wed Jan 28 17:05:37 2026] [::1]:49604 Closing
[Wed Jan 28 17:05:37 2026] [::1]:49611 Accepted
[Wed Jan 28 17:05:37 2026] [::1]:49608 Closing
[Wed Jan 28 17:05:37 2026] [::1]:49612 Accepted
[Wed Jan 28 17:05:37 2026] [::1]:49611 [200]: GET /assets/img/generic/nav-combo-light.png
[Wed Jan 28 17:05:37 2026] [::1]:49609 Closing
[Wed Jan 28 17:05:37 2026] [::1]:49613 Accepted
[Wed Jan 28 17:05:37 2026] [::1]:49612 [200]: GET /assets/img/generic/nav-combo-dark.png
[Wed Jan 28 17:05:37 2026] [::1]:49610 Closing
[Wed Jan 28 17:05:37 2026] [::1]:49614 Accepted
[Wed Jan 28 17:05:37 2026] [::1]:49613 [200]: GET /assets/img/generic/top-style-darker.png
[Wed Jan 28 17:05:37 2026] [::1]:49615 Accepted
[Wed Jan 28 17:05:37 2026] [::1]:49611 Closing
[Wed Jan 28 17:05:37 2026] [::1]:49614 [200]: GET /assets/img/generic/navbar-top-style-light.png
[Wed Jan 28 17:05:37 2026] [::1]:49612 Closing
[Wed Jan 28 17:05:37 2026] [::1]:49615 [200]: GET /assets/img/generic/top-style-lighter.png
[Wed Jan 28 17:05:37 2026] [::1]:49613 Closing
[Wed Jan 28 17:05:37 2026] [::1]:49614 Closing
[Wed Jan 28 17:05:37 2026] [::1]:49615 Closing
[Wed Jan 28 17:05:38 2026] [::1]:49616 Accepted
[Wed Jan 28 17:05:38 2026] [::1]:49616 [200]: GET /external_img/favicons/manifest.json
[Wed Jan 28 17:05:38 2026] [::1]:49616 Closing
[Wed Jan 28 17:05:43 2026] [::1]:49626 Accepted
[Wed Jan 28 17:05:43 2026] [::1]:49626 [200]: GET /dashboard
[Wed Jan 28 17:05:43 2026] [::1]:49626 Closing
[Wed Jan 28 17:05:43 2026] [::1]:49627 Accepted
[Wed Jan 28 17:05:43 2026] [::1]:49627 [200]: GET /lib_independent/font-awesome.min.css
[Wed Jan 28 17:05:43 2026] [::1]:49627 Closing
[Wed Jan 28 17:05:43 2026] [::1]:49629 Accepted
[Wed Jan 28 17:05:43 2026] [::1]:49630 Accepted
[Wed Jan 28 17:05:43 2026] [::1]:49631 Accepted
[Wed Jan 28 17:05:43 2026] [::1]:49629 [200]: GET /lib_independent/jquery-confirm.min.css
[Wed Jan 28 17:05:43 2026] [::1]:49629 Closing
[Wed Jan 28 17:05:43 2026] [::1]:49630 [200]: GET /lib_independent/notyf.min.css
[Wed Jan 28 17:05:43 2026] [::1]:49631 [200]: GET /vendors/simplebar/simplebar.min.js
[Wed Jan 28 17:05:43 2026] [::1]:49632 Accepted
[Wed Jan 28 17:05:43 2026] [::1]:49633 Accepted
[Wed Jan 28 17:05:43 2026] [::1]:49630 Closing
[Wed Jan 28 17:05:43 2026] [::1]:49631 Closing
[Wed Jan 28 17:05:43 2026] [::1]:49632 [200]: GET /lib_independent/css2.css
[Wed Jan 28 17:05:43 2026] [::1]:49634 Accepted
[Wed Jan 28 17:05:43 2026] [::1]:49635 Accepted
[Wed Jan 28 17:05:43 2026] [::1]:49634 [200]: GET /assets/css/theme-rtl.min.css
[Wed Jan 28 17:05:43 2026] [::1]:49632 Closing
[Wed Jan 28 17:05:43 2026] [::1]:49633 [200]: GET /vendors/simplebar/simplebar.min.css
[Wed Jan 28 17:05:43 2026] [::1]:49633 Closing
[Wed Jan 28 17:05:43 2026] [::1]:49635 [200]: GET /assets/css/theme.min.css
[Wed Jan 28 17:05:43 2026] [::1]:49636 Accepted
[Wed Jan 28 17:05:43 2026] [::1]:49637 Accepted
[Wed Jan 28 17:05:43 2026] [::1]:49638 Accepted
[Wed Jan 28 17:05:43 2026] [::1]:49636 [200]: GET /assets/css/user-rtl.min.css
[Wed Jan 28 17:05:43 2026] [::1]:49639 Accepted
[Wed Jan 28 17:05:43 2026] [::1]:49637 [200]: GET /assets/css/user.min.css
[Wed Jan 28 17:05:43 2026] [::1]:49638 [200]: GET /vendors/choices/choices.min.css
[Wed Jan 28 17:05:43 2026] [::1]:49639 [200]: GET /lib_independent/flatpickr.css
[Wed Jan 28 17:05:43 2026] [::1]:49636 Closing
[Wed Jan 28 17:05:43 2026] [::1]:49637 Closing
[Wed Jan 28 17:05:43 2026] [::1]:49638 Closing
[Wed Jan 28 17:05:43 2026] [::1]:49639 Closing
[Wed Jan 28 17:05:43 2026] [::1]:49640 Accepted
[Wed Jan 28 17:05:43 2026] [::1]:49634 Closing
[Wed Jan 28 17:05:43 2026] [::1]:49641 Accepted
[Wed Jan 28 17:05:43 2026] [::1]:49641 [200]: GET /lib_independent/light.css
[Wed Jan 28 17:05:43 2026] [::1]:49635 Closing
[Wed Jan 28 17:05:43 2026] [::1]:49640 [200]: GET /lib_independent/style.css
[Wed Jan 28 17:05:43 2026] [::1]:49642 Accepted
[Wed Jan 28 17:05:43 2026] [::1]:49643 Accepted
[Wed Jan 28 17:05:43 2026] [::1]:49641 Closing
[Wed Jan 28 17:05:43 2026] [::1]:49642 [200]: GET /vendors/summernote-0.9.0/summernote-bs5.min.css
[Wed Jan 28 17:05:43 2026] [::1]:49640 Closing
[Wed Jan 28 17:05:43 2026] [::1]:49644 Accepted
[Wed Jan 28 17:05:43 2026] [::1]:49643 [200]: GET /vendors/bootstrap-datepicker-1.9.0/css/bootstrap-datepicker3.standalone.css
[Wed Jan 28 17:05:43 2026] [::1]:49642 Closing
[Wed Jan 28 17:05:43 2026] [::1]:49645 Accepted
[Wed Jan 28 17:05:43 2026] [::1]:49644 [200]: GET /assets/js/config.js
[Wed Jan 28 17:05:43 2026] [::1]:49643 Closing
[Wed Jan 28 17:05:43 2026] [::1]:49646 Accepted
[Wed Jan 28 17:05:43 2026] [::1]:49644 Closing
[Wed Jan 28 17:05:43 2026] [::1]:49645 [200]: GET /external_img/logo-pdam-13.png
[Wed Jan 28 17:05:43 2026] [::1]:49646 [200]: GET /vendors/popper/popper.min.js
[Wed Jan 28 17:05:43 2026] [::1]:49646 Closing
[Wed Jan 28 17:05:43 2026] [::1]:49645 Closing
[Wed Jan 28 17:05:43 2026] [::1]:49647 Accepted
[Wed Jan 28 17:05:43 2026] [::1]:49648 Accepted
[Wed Jan 28 17:05:43 2026] [::1]:49647 [200]: GET /vendors/bootstrap/bootstrap.min.js
[Wed Jan 28 17:05:43 2026] [::1]:49647 Closing
[Wed Jan 28 17:05:43 2026] [::1]:49648 [200]: GET /vendors/anchorjs/anchor.min.js
[Wed Jan 28 17:05:43 2026] [::1]:49648 Closing
[Wed Jan 28 17:05:43 2026] [::1]:49649 Accepted
[Wed Jan 28 17:05:43 2026] [::1]:49650 Accepted
[Wed Jan 28 17:05:43 2026] [::1]:49649 [200]: GET /vendors/is/is.min.js
[Wed Jan 28 17:05:43 2026] [::1]:49651 Accepted
[Wed Jan 28 17:05:43 2026] [::1]:49652 Accepted
[Wed Jan 28 17:05:43 2026] [::1]:49649 Closing
[Wed Jan 28 17:05:43 2026] [::1]:49650 [200]: GET /vendors/fontawesome/all.min.js
[Wed Jan 28 17:05:43 2026] [::1]:49653 Accepted
[Wed Jan 28 17:05:43 2026] [::1]:49654 Accepted
[Wed Jan 28 17:05:43 2026] [::1]:49653 [200]: GET /vendors/feather-icons/feather.min.js
[Wed Jan 28 17:05:43 2026] [::1]:49651 [200]: GET /vendors/lodash/lodash.min.js
[Wed Jan 28 17:05:43 2026] [::1]:49652 [200]: GET /vendors/list.js/list.min.js
[Wed Jan 28 17:05:43 2026] [::1]:49655 Accepted
[Wed Jan 28 17:05:43 2026] [::1]:49654 [200]: GET /vendors/dayjs/dayjs.min.js
[Wed Jan 28 17:05:43 2026] [::1]:49653 Closing
[Wed Jan 28 17:05:43 2026] [::1]:49651 Closing
[Wed Jan 28 17:05:43 2026] [::1]:49652 Closing
[Wed Jan 28 17:05:43 2026] [::1]:49655 [200]: GET /vendors/choices/choices.min.js
[Wed Jan 28 17:05:43 2026] [::1]:49654 Closing
[Wed Jan 28 17:05:43 2026] [::1]:49655 Closing
[Wed Jan 28 17:05:43 2026] [::1]:49656 Accepted
[Wed Jan 28 17:05:43 2026] [::1]:49657 Accepted
[Wed Jan 28 17:05:43 2026] [::1]:49656 [200]: GET /vendors/prism/prism.js
[Wed Jan 28 17:05:43 2026] [::1]:49658 Accepted
[Wed Jan 28 17:05:43 2026] [::1]:49657 [200]: GET /assets/js/phoenix.js
[Wed Jan 28 17:05:43 2026] [::1]:49659 Accepted
[Wed Jan 28 17:05:43 2026] [::1]:49658 [200]: GET /lib_independent/jquery-3.7.1.min.js
[Wed Jan 28 17:05:43 2026] [::1]:49660 Accepted
[Wed Jan 28 17:05:43 2026] [::1]:49650 Closing
[Wed Jan 28 17:05:43 2026] [::1]:49656 Closing
[Wed Jan 28 17:05:43 2026] [::1]:49659 [200]: GET /lib_independent/dataTables.min.js
[Wed Jan 28 17:05:43 2026] [::1]:49661 Accepted
[Wed Jan 28 17:05:43 2026] [::1]:49660 [200]: GET /lib_independent/dataTables.bootstrap5.min.js
[Wed Jan 28 17:05:43 2026] [::1]:49661 [200]: GET /assets/img/generic/auto.png
[Wed Jan 28 17:05:43 2026] [::1]:49657 Closing
[Wed Jan 28 17:05:43 2026] [::1]:49658 Closing
[Wed Jan 28 17:05:43 2026] [::1]:49659 Closing
[Wed Jan 28 17:05:43 2026] [::1]:49660 Closing
[Wed Jan 28 17:05:43 2026] [::1]:49662 Accepted
[Wed Jan 28 17:05:43 2026] [::1]:49661 Closing
[Wed Jan 28 17:05:43 2026] [::1]:49663 Accepted
[Wed Jan 28 17:05:43 2026] [::1]:49664 Accepted
[Wed Jan 28 17:05:43 2026] [::1]:49665 Accepted
[Wed Jan 28 17:05:43 2026] [::1]:49666 Accepted
[Wed Jan 28 17:05:43 2026] [::1]:49662 [200]: GET /assets/img/generic/default-dark.png
[Wed Jan 28 17:05:43 2026] [::1]:49663 [200]: GET /assets/img/generic/top-default.png
[Wed Jan 28 17:05:43 2026] [::1]:49664 [200]: GET /assets/img/generic/navbar-top-style-light.png
[Wed Jan 28 17:05:43 2026] [::1]:49667 Accepted
[Wed Jan 28 17:05:43 2026] [::1]:49662 Closing
[Wed Jan 28 17:05:43 2026] [::1]:49665 [200]: GET /assets/img/generic/nav-combo-light.png
[Wed Jan 28 17:05:43 2026] [::1]:49666 [200]: GET /assets/img/generic/default-light.png
[Wed Jan 28 17:05:43 2026] [::1]:49663 Closing
[Wed Jan 28 17:05:43 2026] [::1]:49664 Closing
[Wed Jan 28 17:05:43 2026] [::1]:49667 [200]: GET /lib_independent/select2.min.js
[Wed Jan 28 17:05:43 2026] [::1]:49668 Accepted
[Wed Jan 28 17:05:43 2026] [::1]:49665 Closing
[Wed Jan 28 17:05:43 2026] [::1]:49666 Closing
[Wed Jan 28 17:05:43 2026] [::1]:49667 Closing
[Wed Jan 28 17:05:43 2026] [::1]:49669 Accepted
[Wed Jan 28 17:05:43 2026] [::1]:49670 Accepted
[Wed Jan 28 17:05:43 2026] [::1]:49671 Accepted
[Wed Jan 28 17:05:43 2026] [::1]:49669 [200]: GET /lib_independent/notyf.min.js
[Wed Jan 28 17:05:43 2026] [::1]:49670 [200]: GET /lib_independent/jquery.validate.min.js
[Wed Jan 28 17:05:43 2026] [::1]:49668 [200]: GET /lib_independent/jquery-confirm.min.js
[Wed Jan 28 17:05:43 2026] [::1]:49672 Accepted
[Wed Jan 28 17:05:43 2026] [::1]:49671 [200]: GET /lib_independent/additional-methods.min.js
[Wed Jan 28 17:05:43 2026] [::1]:49672 [200]: GET /lib_independent/flatpickr.js
[Wed Jan 28 17:05:43 2026] [::1]:49669 Closing
[Wed Jan 28 17:05:43 2026] [::1]:49670 Closing
[Wed Jan 28 17:05:43 2026] [::1]:49668 Closing
[Wed Jan 28 17:05:43 2026] [::1]:49673 Accepted
[Wed Jan 28 17:05:43 2026] [::1]:49671 Closing
[Wed Jan 28 17:05:43 2026] [::1]:49674 Accepted
[Wed Jan 28 17:05:43 2026] [::1]:49672 Closing
[Wed Jan 28 17:05:43 2026] [::1]:49675 Accepted
[Wed Jan 28 17:05:43 2026] [::1]:49676 Accepted
[Wed Jan 28 17:05:43 2026] [::1]:49673 [200]: GET /lib_independent/index.js
[Wed Jan 28 17:05:43 2026] [::1]:49674 [200]: GET /lib_independent/id.js
[Wed Jan 28 17:05:43 2026] [::1]:49675 [200]: GET /lib_independent/moment-with-locales.min.js
[Wed Jan 28 17:05:43 2026] [::1]:49677 Accepted
[Wed Jan 28 17:05:43 2026] [::1]:49676 [200]: GET /vendors/summernote-0.9.0/summernote-bs5.min.js
[Wed Jan 28 17:05:43 2026] [::1]:49678 Accepted
[Wed Jan 28 17:05:43 2026] [::1]:49677 [200]: GET /vendors/bootstrap-datepicker-1.9.0/js/bootstrap-datepicker.min.js
[Wed Jan 28 17:05:43 2026] [::1]:49673 Closing
[Wed Jan 28 17:05:43 2026] [::1]:49674 Closing
[Wed Jan 28 17:05:43 2026] [::1]:49678 [200]: GET /vendors/bootstrap-datepicker-1.9.0/locales/bootstrap-datepicker.id.min.js
[Wed Jan 28 17:05:44 2026] [::1]:49679 Accepted
[Wed Jan 28 17:05:44 2026] [::1]:49675 Closing
[Wed Jan 28 17:05:44 2026] [::1]:49676 Closing
[Wed Jan 28 17:05:44 2026] [::1]:49677 Closing
[Wed Jan 28 17:05:44 2026] [::1]:49680 Accepted
[Wed Jan 28 17:05:44 2026] [::1]:49679 [200]: GET /lib_independent/shortcut.js
[Wed Jan 28 17:05:44 2026] [::1]:49678 Closing
[Wed Jan 28 17:05:44 2026] [::1]:49680 [200]: GET /vendors/echarts/echarts.min.js
[Wed Jan 28 17:05:44 2026] [::1]:49681 Accepted
[Wed Jan 28 17:05:44 2026] [::1]:49679 Closing
[Wed Jan 28 17:05:44 2026] [::1]:49680 Closing
[Wed Jan 28 17:05:44 2026] [::1]:49682 Accepted
[Wed Jan 28 17:05:44 2026] [::1]:49683 Accepted
[Wed Jan 28 17:05:44 2026] [::1]:49681 [404]: GET /external_img/logo-pdamid-13.png - No such file or directory
[Wed Jan 28 17:05:44 2026] [::1]:49681 Closing
[Wed Jan 28 17:05:44 2026] [::1]:49684 Accepted
[Wed Jan 28 17:05:44 2026] [::1]:49682 [200]: GET /assets/img/generic/top-default-dark.png
[Wed Jan 28 17:05:44 2026] [::1]:49683 [200]: GET /assets/img/generic/nav-combo-dark.png
[Wed Jan 28 17:05:44 2026] [::1]:49685 Accepted
[Wed Jan 28 17:05:44 2026] [::1]:49684 [200]: GET /assets/img/generic/top-style-darker.png
[Wed Jan 28 17:05:44 2026] [::1]:49682 Closing
[Wed Jan 28 17:05:44 2026] [::1]:49683 Closing
[Wed Jan 28 17:05:44 2026] [::1]:49684 Closing
[Wed Jan 28 17:05:44 2026] [::1]:49685 [200]: GET /assets/img/generic/top-style-lighter.png
[Wed Jan 28 17:05:44 2026] [::1]:49685 Closing
[Wed Jan 28 17:05:44 2026] [::1]:49686 Accepted
[Wed Jan 28 17:05:44 2026] [::1]:49686 [200]: GET /external_img/favicons/manifest.json
[Wed Jan 28 17:05:44 2026] [::1]:49686 Closing
[Wed Jan 28 17:05:47 2026] [::1]:49697 Accepted
[Wed Jan 28 17:05:47 2026] [::1]:49697 [200]: GET /panel/refdata/golongan
[Wed Jan 28 17:05:47 2026] [::1]:49697 Closing
[Wed Jan 28 17:05:47 2026] [::1]:49698 Accepted
[Wed Jan 28 17:05:47 2026] [::1]:49698 [200]: GET /lib_independent/font-awesome.min.css
[Wed Jan 28 17:05:47 2026] [::1]:49698 Closing
[Wed Jan 28 17:05:47 2026] [::1]:49700 Accepted
[Wed Jan 28 17:05:47 2026] [::1]:49701 Accepted
[Wed Jan 28 17:05:47 2026] [::1]:49700 [200]: GET /lib_independent/jquery-confirm.min.css
[Wed Jan 28 17:05:47 2026] [::1]:49702 Accepted
[Wed Jan 28 17:05:47 2026] [::1]:49700 Closing
[Wed Jan 28 17:05:47 2026] [::1]:49703 Accepted
[Wed Jan 28 17:05:47 2026] [::1]:49701 [200]: GET /lib_independent/notyf.min.css
[Wed Jan 28 17:05:47 2026] [::1]:49704 Accepted
[Wed Jan 28 17:05:47 2026] [::1]:49703 [200]: GET /vendors/simplebar/simplebar.min.css
[Wed Jan 28 17:05:47 2026] [::1]:49702 [200]: GET /lib_independent/css2.css
[Wed Jan 28 17:05:47 2026] [::1]:49705 Accepted
[Wed Jan 28 17:05:47 2026] [::1]:49704 [200]: GET /assets/css/theme-rtl.min.css
[Wed Jan 28 17:05:47 2026] [::1]:49701 Closing
[Wed Jan 28 17:05:47 2026] [::1]:49703 Closing
[Wed Jan 28 17:05:47 2026] [::1]:49702 Closing
[Wed Jan 28 17:05:47 2026] [::1]:49705 [200]: GET /assets/css/theme.min.css
[Wed Jan 28 17:05:47 2026] [::1]:49706 Accepted
[Wed Jan 28 17:05:47 2026] [::1]:49707 Accepted
[Wed Jan 28 17:05:47 2026] [::1]:49708 Accepted
[Wed Jan 28 17:05:47 2026] [::1]:49706 [200]: GET /assets/css/user-rtl.min.css
[Wed Jan 28 17:05:47 2026] [::1]:49707 [200]: GET /assets/css/user.min.css
[Wed Jan 28 17:05:47 2026] [::1]:49709 Accepted
[Wed Jan 28 17:05:47 2026] [::1]:49708 [200]: GET /vendors/choices/choices.min.css
[Wed Jan 28 17:05:47 2026] [::1]:49704 Closing
[Wed Jan 28 17:05:47 2026] [::1]:49709 [200]: GET /lib_independent/flatpickr.css
[Wed Jan 28 17:05:47 2026] [::1]:49706 Closing
[Wed Jan 28 17:05:47 2026] [::1]:49707 Closing
[Wed Jan 28 17:05:47 2026] [::1]:49708 Closing
[Wed Jan 28 17:05:47 2026] [::1]:49705 Closing
[Wed Jan 28 17:05:47 2026] [::1]:49709 Closing
[Wed Jan 28 17:05:47 2026] [::1]:49710 Accepted
[Wed Jan 28 17:05:47 2026] [::1]:49711 Accepted
[Wed Jan 28 17:05:47 2026] [::1]:49710 [200]: GET /lib_independent/style.css
[Wed Jan 28 17:05:47 2026] [::1]:49710 Closing
[Wed Jan 28 17:05:47 2026] [::1]:49711 [200]: GET /lib_independent/light.css
[Wed Jan 28 17:05:47 2026] [::1]:49712 Accepted
[Wed Jan 28 17:05:47 2026] [::1]:49711 Closing
[Wed Jan 28 17:05:47 2026] [::1]:49712 [200]: GET /vendors/summernote-0.9.0/summernote-bs5.min.css
[Wed Jan 28 17:05:47 2026] [::1]:49713 Accepted
[Wed Jan 28 17:05:47 2026] [::1]:49714 Accepted
[Wed Jan 28 17:05:47 2026] [::1]:49713 [200]: GET /vendors/bootstrap-datepicker-1.9.0/css/bootstrap-datepicker3.standalone.css
[Wed Jan 28 17:05:47 2026] [::1]:49712 Closing
[Wed Jan 28 17:05:47 2026] [::1]:49713 Closing
[Wed Jan 28 17:05:47 2026] [::1]:49714 [200]: GET /vendors/simplebar/simplebar.min.js
[Wed Jan 28 17:05:47 2026] [::1]:49714 Closing
[Wed Jan 28 17:05:47 2026] [::1]:49715 Accepted
[Wed Jan 28 17:05:47 2026] [::1]:49716 Accepted
[Wed Jan 28 17:05:47 2026] [::1]:49717 Accepted
[Wed Jan 28 17:05:47 2026] [::1]:49715 [200]: GET /assets/js/config.js
[Wed Jan 28 17:05:47 2026] [::1]:49716 [200]: GET /external_img/logo-pdam-13.png
[Wed Jan 28 17:05:47 2026] [::1]:49717 [200]: GET /vendors/popper/popper.min.js
[Wed Jan 28 17:05:47 2026] [::1]:49715 Closing
[Wed Jan 28 17:05:47 2026] [::1]:49717 Closing
[Wed Jan 28 17:05:47 2026] [::1]:49716 Closing
[Wed Jan 28 17:05:47 2026] [::1]:49718 Accepted
[Wed Jan 28 17:05:47 2026] [::1]:49718 [200]: GET /vendors/bootstrap/bootstrap.min.js
[Wed Jan 28 17:05:47 2026] [::1]:49718 Closing
[Wed Jan 28 17:05:47 2026] [::1]:49719 Accepted
[Wed Jan 28 17:05:47 2026] [::1]:49720 Accepted
[Wed Jan 28 17:05:47 2026] [::1]:49719 [200]: GET /vendors/anchorjs/anchor.min.js
[Wed Jan 28 17:05:47 2026] [::1]:49721 Accepted
[Wed Jan 28 17:05:47 2026] [::1]:49720 [200]: GET /vendors/is/is.min.js
[Wed Jan 28 17:05:47 2026] [::1]:49722 Accepted
[Wed Jan 28 17:05:47 2026] [::1]:49721 [200]: GET /vendors/fontawesome/all.min.js
[Wed Jan 28 17:05:47 2026] [::1]:49723 Accepted
[Wed Jan 28 17:05:47 2026] [::1]:49719 Closing
[Wed Jan 28 17:05:47 2026] [::1]:49724 Accepted
[Wed Jan 28 17:05:47 2026] [::1]:49720 Closing
[Wed Jan 28 17:05:47 2026] [::1]:49722 [200]: GET /vendors/lodash/lodash.min.js
[Wed Jan 28 17:05:47 2026] [::1]:49723 [200]: GET /vendors/list.js/list.min.js
[Wed Jan 28 17:05:47 2026] [::1]:49724 [200]: GET /vendors/feather-icons/feather.min.js
[Wed Jan 28 17:05:47 2026] [::1]:49722 Closing
[Wed Jan 28 17:05:47 2026] [::1]:49723 Closing
[Wed Jan 28 17:05:47 2026] [::1]:49724 Closing
[Wed Jan 28 17:05:47 2026] [::1]:49725 Accepted
[Wed Jan 28 17:05:47 2026] [::1]:49726 Accepted
[Wed Jan 28 17:05:47 2026] [::1]:49725 [200]: GET /vendors/dayjs/dayjs.min.js
[Wed Jan 28 17:05:47 2026] [::1]:49726 [200]: GET /vendors/choices/choices.min.js
[Wed Jan 28 17:05:47 2026] [::1]:49725 Closing
[Wed Jan 28 17:05:47 2026] [::1]:49726 Closing
[Wed Jan 28 17:05:47 2026] [::1]:49721 Closing
[Wed Jan 28 17:05:47 2026] [::1]:49727 Accepted
[Wed Jan 28 17:05:47 2026] [::1]:49728 Accepted
[Wed Jan 28 17:05:47 2026] [::1]:49727 [200]: GET /vendors/prism/prism.js
[Wed Jan 28 17:05:47 2026] [::1]:49729 Accepted
[Wed Jan 28 17:05:47 2026] [::1]:49728 [200]: GET /assets/js/phoenix.js
[Wed Jan 28 17:05:47 2026] [::1]:49729 [200]: GET /lib_independent/jquery-3.7.1.min.js
[Wed Jan 28 17:05:47 2026] [::1]:49727 Closing
[Wed Jan 28 17:05:47 2026] [::1]:49728 Closing
[Wed Jan 28 17:05:47 2026] [::1]:49729 Closing
[Wed Jan 28 17:05:47 2026] [::1]:49730 Accepted
[Wed Jan 28 17:05:47 2026] [::1]:49731 Accepted
[Wed Jan 28 17:05:47 2026] [::1]:49730 [200]: GET /lib_independent/dataTables.min.js
[Wed Jan 28 17:05:47 2026] [::1]:49732 Accepted
[Wed Jan 28 17:05:47 2026] [::1]:49731 [200]: GET /lib_independent/dataTables.bootstrap5.min.js
[Wed Jan 28 17:05:47 2026] [::1]:49733 Accepted
[Wed Jan 28 17:05:47 2026] [::1]:49732 [200]: GET /lib_independent/select2.min.js
[Wed Jan 28 17:05:47 2026] [::1]:49734 Accepted
[Wed Jan 28 17:05:47 2026] [::1]:49730 Closing
[Wed Jan 28 17:05:47 2026] [::1]:49733 [200]: GET /lib_independent/jquery-confirm.min.js
[Wed Jan 28 17:05:47 2026] [::1]:49731 Closing
[Wed Jan 28 17:05:47 2026] [::1]:49734 [200]: GET /lib_independent/notyf.min.js
[Wed Jan 28 17:05:47 2026] [::1]:49732 Closing
[Wed Jan 28 17:05:47 2026] [::1]:49733 Closing
[Wed Jan 28 17:05:47 2026] [::1]:49734 Closing
[Wed Jan 28 17:05:47 2026] [::1]:49735 Accepted
[Wed Jan 28 17:05:47 2026] [::1]:49736 Accepted
[Wed Jan 28 17:05:47 2026] [::1]:49737 Accepted
[Wed Jan 28 17:05:47 2026] [::1]:49735 [200]: GET /lib_independent/jquery.validate.min.js
[Wed Jan 28 17:05:47 2026] [::1]:49736 [200]: GET /lib_independent/additional-methods.min.js
[Wed Jan 28 17:05:47 2026] [::1]:49738 Accepted
[Wed Jan 28 17:05:47 2026] [::1]:49737 [200]: GET /lib_independent/flatpickr.js
[Wed Jan 28 17:05:47 2026] [::1]:49739 Accepted
[Wed Jan 28 17:05:47 2026] [::1]:49738 [200]: GET /lib_independent/index.js
[Wed Jan 28 17:05:47 2026] [::1]:49735 Closing
[Wed Jan 28 17:05:47 2026] [::1]:49736 Closing
[Wed Jan 28 17:05:47 2026] [::1]:49737 Closing
[Wed Jan 28 17:05:47 2026] [::1]:49738 Closing
[Wed Jan 28 17:05:47 2026] [::1]:49740 Accepted
[Wed Jan 28 17:05:47 2026] [::1]:49739 [200]: GET /lib_independent/id.js
[Wed Jan 28 17:05:47 2026] [::1]:49741 Accepted
[Wed Jan 28 17:05:47 2026] [::1]:49739 Closing
[Wed Jan 28 17:05:47 2026] [::1]:49742 Accepted
[Wed Jan 28 17:05:47 2026] [::1]:49740 [200]: GET /lib_independent/moment-with-locales.min.js
[Wed Jan 28 17:05:47 2026] [::1]:49741 [200]: GET /vendors/summernote-0.9.0/summernote-bs5.min.js
[Wed Jan 28 17:05:47 2026] [::1]:49743 Accepted
[Wed Jan 28 17:05:47 2026] [::1]:49742 [200]: GET /vendors/bootstrap-datepicker-1.9.0/js/bootstrap-datepicker.min.js
[Wed Jan 28 17:05:47 2026] [::1]:49744 Accepted
[Wed Jan 28 17:05:47 2026] [::1]:49743 [200]: GET /vendors/bootstrap-datepicker-1.9.0/locales/bootstrap-datepicker.id.min.js
[Wed Jan 28 17:05:47 2026] [::1]:49745 Accepted
[Wed Jan 28 17:05:47 2026] [::1]:49744 [200]: GET /lib_independent/shortcut.js
[Wed Jan 28 17:05:47 2026] [::1]:49746 Accepted
[Wed Jan 28 17:05:47 2026] [::1]:49742 Closing
[Wed Jan 28 17:05:47 2026] [::1]:49741 Closing
[Wed Jan 28 17:05:47 2026] [::1]:49745 [200]: GET /assets/img/generic/top-default.png
[Wed Jan 28 17:05:47 2026] [::1]:49747 Accepted
[Wed Jan 28 17:05:47 2026] [::1]:49740 Closing
[Wed Jan 28 17:05:47 2026] [::1]:49743 Closing
[Wed Jan 28 17:05:47 2026] [::1]:49746 [200]: GET /assets/img/generic/navbar-top-style-light.png
[Wed Jan 28 17:05:47 2026] [::1]:49748 Accepted
[Wed Jan 28 17:05:47 2026] [::1]:49747 [200]: GET /assets/img/generic/default-dark.png
[Wed Jan 28 17:05:47 2026] [::1]:49744 Closing
[Wed Jan 28 17:05:47 2026] [::1]:49749 Accepted
[Wed Jan 28 17:05:47 2026] [::1]:49748 [200]: GET /assets/img/generic/auto.png
[Wed Jan 28 17:05:47 2026] [::1]:49745 Closing
[Wed Jan 28 17:05:47 2026] [::1]:49749 [200]: GET /assets/img/generic/nav-combo-light.png
[Wed Jan 28 17:05:47 2026] [::1]:49746 Closing
[Wed Jan 28 17:05:47 2026] [::1]:49747 Closing
[Wed Jan 28 17:05:47 2026] [::1]:49750 Accepted
[Wed Jan 28 17:05:47 2026] [::1]:49748 Closing
[Wed Jan 28 17:05:47 2026] [::1]:49751 Accepted
[Wed Jan 28 17:05:47 2026] [::1]:49749 Closing
[Wed Jan 28 17:05:47 2026] [::1]:49752 Accepted
[Wed Jan 28 17:05:47 2026] [::1]:49753 Accepted
[Wed Jan 28 17:05:47 2026] [::1]:49754 Accepted
[Wed Jan 28 17:05:47 2026] [::1]:49750 [200]: GET /assets/img/generic/default-light.png
[Wed Jan 28 17:05:47 2026] [::1]:49751 [404]: GET /external_img/logo-pdamid-13.png - No such file or directory
[Wed Jan 28 17:05:47 2026] [::1]:49755 Accepted
[Wed Jan 28 17:05:47 2026] [::1]:49752 [200]: GET /assets/img/generic/top-default-dark.png
[Wed Jan 28 17:05:47 2026] [::1]:49751 Closing
[Wed Jan 28 17:05:47 2026] [::1]:49753 [200]: GET /assets/img/generic/nav-combo-dark.png
[Wed Jan 28 17:05:47 2026] [::1]:49754 [200]: GET /assets/img/generic/top-style-darker.png
[Wed Jan 28 17:05:47 2026] [::1]:49755 [200]: GET /assets/img/generic/top-style-lighter.png
[Wed Jan 28 17:05:47 2026] [::1]:49750 Closing
[Wed Jan 28 17:05:47 2026] [::1]:49752 Closing
[Wed Jan 28 17:05:47 2026] [::1]:49753 Closing
[Wed Jan 28 17:05:47 2026] [::1]:49754 Closing
[Wed Jan 28 17:05:47 2026] [::1]:49755 Closing
[Wed Jan 28 17:05:47 2026] [::1]:49756 Accepted
[Wed Jan 28 17:05:47 2026] [::1]:49756 [200]: POST /panel/refdata/golongan/datatable
[Wed Jan 28 17:05:47 2026] [::1]:49756 Closing
[Wed Jan 28 17:05:47 2026] [::1]:49758 Accepted
[Wed Jan 28 17:05:47 2026] [::1]:49758 [200]: POST /external_img/favicons/manifest.json
[Wed Jan 28 17:05:47 2026] [::1]:49758 Closing
[Wed Jan 28 17:05:49 2026] [::1]:49764 Accepted
[Wed Jan 28 17:05:49 2026] [::1]:49764 [200]: GET /panel/refdata/kelompok
[Wed Jan 28 17:05:49 2026] [::1]:49764 Closing
[Wed Jan 28 17:05:49 2026] [::1]:49765 Accepted
[Wed Jan 28 17:05:49 2026] [::1]:49765 [200]: GET /lib_independent/font-awesome.min.css
[Wed Jan 28 17:05:49 2026] [::1]:49765 Closing
[Wed Jan 28 17:05:49 2026] [::1]:49768 Accepted
[Wed Jan 28 17:05:49 2026] [::1]:49769 Accepted
[Wed Jan 28 17:05:49 2026] [::1]:49770 Accepted
[Wed Jan 28 17:05:49 2026] [::1]:49768 [200]: GET /lib_independent/jquery-confirm.min.css
[Wed Jan 28 17:05:49 2026] [::1]:49771 Accepted
[Wed Jan 28 17:05:49 2026] [::1]:49769 [200]: GET /lib_independent/notyf.min.css
[Wed Jan 28 17:05:49 2026] [::1]:49770 [200]: GET /vendors/simplebar/simplebar.min.js
[Wed Jan 28 17:05:49 2026] [::1]:49768 Closing
[Wed Jan 28 17:05:49 2026] [::1]:49772 Accepted
[Wed Jan 28 17:05:49 2026] [::1]:49771 [200]: GET /lib_independent/css2.css
[Wed Jan 28 17:05:49 2026] [::1]:49773 Accepted
[Wed Jan 28 17:05:49 2026] [::1]:49772 [200]: GET /vendors/simplebar/simplebar.min.css
[Wed Jan 28 17:05:49 2026] [::1]:49769 Closing
[Wed Jan 28 17:05:49 2026] [::1]:49770 Closing
[Wed Jan 28 17:05:49 2026] [::1]:49771 Closing
[Wed Jan 28 17:05:49 2026] [::1]:49772 Closing
[Wed Jan 28 17:05:49 2026] [::1]:49774 Accepted
[Wed Jan 28 17:05:49 2026] [::1]:49773 [200]: GET /assets/css/theme-rtl.min.css
[Wed Jan 28 17:05:49 2026] [::1]:49774 [200]: GET /assets/css/theme.min.css
[Wed Jan 28 17:05:49 2026] [::1]:49775 Accepted
[Wed Jan 28 17:05:49 2026] [::1]:49776 Accepted
[Wed Jan 28 17:05:49 2026] [::1]:49777 Accepted
[Wed Jan 28 17:05:49 2026] [::1]:49775 [200]: GET /assets/css/user-rtl.min.css
[Wed Jan 28 17:05:49 2026] [::1]:49776 [200]: GET /assets/css/user.min.css
[Wed Jan 28 17:05:49 2026] [::1]:49778 Accepted
[Wed Jan 28 17:05:49 2026] [::1]:49777 [200]: GET /vendors/choices/choices.min.css
[Wed Jan 28 17:05:49 2026] [::1]:49773 Closing
[Wed Jan 28 17:05:49 2026] [::1]:49778 [200]: GET /lib_independent/flatpickr.css
[Wed Jan 28 17:05:49 2026] [::1]:49775 Closing
[Wed Jan 28 17:05:49 2026] [::1]:49776 Closing
[Wed Jan 28 17:05:49 2026] [::1]:49777 Closing
[Wed Jan 28 17:05:49 2026] [::1]:49774 Closing
[Wed Jan 28 17:05:49 2026] [::1]:49778 Closing
[Wed Jan 28 17:05:49 2026] [::1]:49779 Accepted
[Wed Jan 28 17:05:49 2026] [::1]:49780 Accepted
[Wed Jan 28 17:05:49 2026] [::1]:49779 [200]: GET /lib_independent/style.css
[Wed Jan 28 17:05:49 2026] [::1]:49780 [200]: GET /lib_independent/light.css
[Wed Jan 28 17:05:49 2026] [::1]:49781 Accepted
[Wed Jan 28 17:05:49 2026] [::1]:49779 Closing
[Wed Jan 28 17:05:49 2026] [::1]:49780 Closing
[Wed Jan 28 17:05:49 2026] [::1]:49782 Accepted
[Wed Jan 28 17:05:49 2026] [::1]:49781 [200]: GET /vendors/summernote-0.9.0/summernote-bs5.min.css
[Wed Jan 28 17:05:49 2026] [::1]:49781 Closing
[Wed Jan 28 17:05:49 2026] [::1]:49782 [200]: GET /vendors/bootstrap-datepicker-1.9.0/css/bootstrap-datepicker3.standalone.css
[Wed Jan 28 17:05:49 2026] [::1]:49783 Accepted
[Wed Jan 28 17:05:49 2026] [::1]:49782 Closing
[Wed Jan 28 17:05:49 2026] [::1]:49784 Accepted
[Wed Jan 28 17:05:49 2026] [::1]:49783 [200]: GET /assets/js/config.js
[Wed Jan 28 17:05:49 2026] [::1]:49783 Closing
[Wed Jan 28 17:05:49 2026] [::1]:49785 Accepted
[Wed Jan 28 17:05:49 2026] [::1]:49784 [200]: GET /external_img/logo-pdam-13.png
[Wed Jan 28 17:05:49 2026] [::1]:49784 Closing
[Wed Jan 28 17:05:49 2026] [::1]:49785 [200]: GET /vendors/popper/popper.min.js
[Wed Jan 28 17:05:49 2026] [::1]:49785 Closing
[Wed Jan 28 17:05:49 2026] [::1]:49786 Accepted
[Wed Jan 28 17:05:49 2026] [::1]:49787 Accepted
[Wed Jan 28 17:05:49 2026] [::1]:49786 [200]: GET /vendors/bootstrap/bootstrap.min.js
[Wed Jan 28 17:05:49 2026] [::1]:49788 Accepted
[Wed Jan 28 17:05:49 2026] [::1]:49787 [200]: GET /vendors/anchorjs/anchor.min.js
[Wed Jan 28 17:05:49 2026] [::1]:49789 Accepted
[Wed Jan 28 17:05:49 2026] [::1]:49786 Closing
[Wed Jan 28 17:05:49 2026] [::1]:49788 [200]: GET /vendors/is/is.min.js
[Wed Jan 28 17:05:49 2026] [::1]:49790 Accepted
[Wed Jan 28 17:05:49 2026] [::1]:49787 Closing
[Wed Jan 28 17:05:49 2026] [::1]:49791 Accepted
[Wed Jan 28 17:05:49 2026] [::1]:49788 Closing
[Wed Jan 28 17:05:49 2026] [::1]:49789 [200]: GET /vendors/fontawesome/all.min.js
[Wed Jan 28 17:05:49 2026] [::1]:49792 Accepted
[Wed Jan 28 17:05:49 2026] [::1]:49791 [200]: GET /vendors/list.js/list.min.js
[Wed Jan 28 17:05:49 2026] [::1]:49790 [200]: GET /vendors/lodash/lodash.min.js
[Wed Jan 28 17:05:49 2026] [::1]:49793 Accepted
[Wed Jan 28 17:05:49 2026] [::1]:49792 [200]: GET /vendors/feather-icons/feather.min.js
[Wed Jan 28 17:05:49 2026] [::1]:49794 Accepted
[Wed Jan 28 17:05:49 2026] [::1]:49793 [200]: GET /vendors/dayjs/dayjs.min.js
[Wed Jan 28 17:05:49 2026] [::1]:49791 Closing
[Wed Jan 28 17:05:49 2026] [::1]:49790 Closing
[Wed Jan 28 17:05:49 2026] [::1]:49794 [200]: GET /vendors/choices/choices.min.js
[Wed Jan 28 17:05:49 2026] [::1]:49792 Closing
[Wed Jan 28 17:05:49 2026] [::1]:49793 Closing
[Wed Jan 28 17:05:49 2026] [::1]:49795 Accepted
[Wed Jan 28 17:05:49 2026] [::1]:49794 Closing
[Wed Jan 28 17:05:49 2026] [::1]:49796 Accepted
[Wed Jan 28 17:05:49 2026] [::1]:49795 [200]: GET /vendors/prism/prism.js
[Wed Jan 28 17:05:49 2026] [::1]:49797 Accepted
[Wed Jan 28 17:05:49 2026] [::1]:49796 [200]: GET /assets/js/phoenix.js
[Wed Jan 28 17:05:49 2026] [::1]:49797 [200]: GET /lib_independent/jquery-3.7.1.min.js
[Wed Jan 28 17:05:49 2026] [::1]:49795 Closing
[Wed Jan 28 17:05:49 2026] [::1]:49798 Accepted
[Wed Jan 28 17:05:49 2026] [::1]:49796 Closing
[Wed Jan 28 17:05:49 2026] [::1]:49797 Closing
[Wed Jan 28 17:05:49 2026] [::1]:49799 Accepted
[Wed Jan 28 17:05:49 2026] [::1]:49798 [200]: GET /lib_independent/dataTables.min.js
[Wed Jan 28 17:05:49 2026] [::1]:49789 Closing
[Wed Jan 28 17:05:49 2026] [::1]:49800 Accepted
[Wed Jan 28 17:05:49 2026] [::1]:49799 [200]: GET /lib_independent/dataTables.bootstrap5.min.js
[Wed Jan 28 17:05:49 2026] [::1]:49801 Accepted
[Wed Jan 28 17:05:49 2026] [::1]:49800 [200]: GET /lib_independent/select2.min.js
[Wed Jan 28 17:05:49 2026] [::1]:49798 Closing
[Wed Jan 28 17:05:49 2026] [::1]:49802 Accepted
[Wed Jan 28 17:05:49 2026] [::1]:49799 Closing
[Wed Jan 28 17:05:49 2026] [::1]:49801 [200]: GET /lib_independent/jquery-confirm.min.js
[Wed Jan 28 17:05:49 2026] [::1]:49803 Accepted
[Wed Jan 28 17:05:49 2026] [::1]:49802 [200]: GET /lib_independent/notyf.min.js
[Wed Jan 28 17:05:49 2026] [::1]:49804 Accepted
[Wed Jan 28 17:05:49 2026] [::1]:49800 Closing
[Wed Jan 28 17:05:49 2026] [::1]:49803 [200]: GET /lib_independent/jquery.validate.min.js
[Wed Jan 28 17:05:49 2026] [::1]:49805 Accepted
[Wed Jan 28 17:05:49 2026] [::1]:49801 Closing
[Wed Jan 28 17:05:49 2026] [::1]:49804 [200]: GET /lib_independent/additional-methods.min.js
[Wed Jan 28 17:05:49 2026] [::1]:49806 Accepted
[Wed Jan 28 17:05:49 2026] [::1]:49802 Closing
[Wed Jan 28 17:05:49 2026] [::1]:49805 [200]: GET /lib_independent/flatpickr.js
[Wed Jan 28 17:05:49 2026] [::1]:49807 Accepted
[Wed Jan 28 17:05:49 2026] [::1]:49803 Closing
[Wed Jan 28 17:05:49 2026] [::1]:49806 [200]: GET /assets/img/generic/auto.png
[Wed Jan 28 17:05:49 2026] [::1]:49808 Accepted
[Wed Jan 28 17:05:49 2026] [::1]:49807 [200]: GET /assets/img/generic/top-default.png
[Wed Jan 28 17:05:49 2026] [::1]:49804 Closing
[Wed Jan 28 17:05:49 2026] [::1]:49809 Accepted
[Wed Jan 28 17:05:49 2026] [::1]:49808 [200]: GET /assets/img/generic/default-dark.png
[Wed Jan 28 17:05:49 2026] [::1]:49805 Closing
[Wed Jan 28 17:05:49 2026] [::1]:49810 Accepted
[Wed Jan 28 17:05:49 2026] [::1]:49809 [200]: GET /assets/img/generic/nav-combo-light.png
[Wed Jan 28 17:05:49 2026] [::1]:49806 Closing
[Wed Jan 28 17:05:49 2026] [::1]:49810 [200]: GET /assets/img/generic/default-light.png
[Wed Jan 28 17:05:49 2026] [::1]:49807 Closing
[Wed Jan 28 17:05:49 2026] [::1]:49811 Accepted
[Wed Jan 28 17:05:49 2026] [::1]:49808 Closing
[Wed Jan 28 17:05:49 2026] [::1]:49809 Closing
[Wed Jan 28 17:05:49 2026] [::1]:49810 Closing
[Wed Jan 28 17:05:49 2026] [::1]:49812 Accepted
[Wed Jan 28 17:05:49 2026] [::1]:49813 Accepted
[Wed Jan 28 17:05:49 2026] [::1]:49811 [200]: GET /assets/img/generic/navbar-top-style-light.png
[Wed Jan 28 17:05:49 2026] [::1]:49814 Accepted
[Wed Jan 28 17:05:49 2026] [::1]:49812 [200]: GET /lib_independent/index.js
[Wed Jan 28 17:05:49 2026] [::1]:49813 [200]: GET /lib_independent/id.js
[Wed Jan 28 17:05:49 2026] [::1]:49815 Accepted
[Wed Jan 28 17:05:49 2026] [::1]:49814 [200]: GET /lib_independent/moment-with-locales.min.js
[Wed Jan 28 17:05:49 2026] [::1]:49816 Accepted
[Wed Jan 28 17:05:49 2026] [::1]:49811 Closing
[Wed Jan 28 17:05:49 2026] [::1]:49815 [200]: GET /vendors/summernote-0.9.0/summernote-bs5.min.js
[Wed Jan 28 17:05:49 2026] [::1]:49812 Closing
[Wed Jan 28 17:05:49 2026] [::1]:49813 Closing
[Wed Jan 28 17:05:49 2026] [::1]:49816 [200]: GET /vendors/bootstrap-datepicker-1.9.0/js/bootstrap-datepicker.min.js
[Wed Jan 28 17:05:49 2026] [::1]:49817 Accepted
[Wed Jan 28 17:05:49 2026] [::1]:49818 Accepted
[Wed Jan 28 17:05:49 2026] [::1]:49819 Accepted
[Wed Jan 28 17:05:49 2026] [::1]:49817 [200]: GET /vendors/bootstrap-datepicker-1.9.0/locales/bootstrap-datepicker.id.min.js
[Wed Jan 28 17:05:49 2026] [::1]:49814 Closing
[Wed Jan 28 17:05:49 2026] [::1]:49818 [200]: GET /lib_independent/shortcut.js
[Wed Jan 28 17:05:49 2026] [::1]:49815 Closing
[Wed Jan 28 17:05:49 2026] [::1]:49816 Closing
[Wed Jan 28 17:05:49 2026] [::1]:49819 [404]: GET /external_img/logo-pdamid-13.png - No such file or directory
[Wed Jan 28 17:05:49 2026] [::1]:49820 Accepted
[Wed Jan 28 17:05:49 2026] [::1]:49819 Closing
[Wed Jan 28 17:05:49 2026] [::1]:49821 Accepted
[Wed Jan 28 17:05:49 2026] [::1]:49820 [200]: GET /assets/img/generic/top-default-dark.png
[Wed Jan 28 17:05:49 2026] [::1]:49817 Closing
[Wed Jan 28 17:05:49 2026] [::1]:49818 Closing
[Wed Jan 28 17:05:49 2026] [::1]:49822 Accepted
[Wed Jan 28 17:05:49 2026] [::1]:49821 [200]: GET /assets/img/generic/nav-combo-dark.png
[Wed Jan 28 17:05:49 2026] [::1]:49822 [200]: GET /assets/img/generic/top-style-darker.png
[Wed Jan 28 17:05:49 2026] [::1]:49823 Accepted
[Wed Jan 28 17:05:49 2026] [::1]:49820 Closing
[Wed Jan 28 17:05:49 2026] [::1]:49821 Closing
[Wed Jan 28 17:05:49 2026] [::1]:49822 Closing
[Wed Jan 28 17:05:49 2026] [::1]:49823 [200]: GET /assets/img/generic/top-style-lighter.png
[Wed Jan 28 17:05:49 2026] [::1]:49823 Closing
[Wed Jan 28 17:05:49 2026] [::1]:49824 Accepted
[Wed Jan 28 17:05:49 2026] [::1]:49824 [200]: POST /panel/refdata/kelompok/datatable
[Wed Jan 28 17:05:50 2026] [::1]:49824 Closing
[Wed Jan 28 17:05:50 2026] [::1]:49827 Accepted
[Wed Jan 28 17:05:50 2026] [::1]:49827 [200]: POST /external_img/favicons/manifest.json
[Wed Jan 28 17:05:50 2026] [::1]:49827 Closing
[Wed Jan 28 17:05:52 2026] [::1]:49836 Accepted
[Wed Jan 28 17:05:52 2026] [::1]:49836 [200]: GET /panel/refdata/satker
[Wed Jan 28 17:05:52 2026] [::1]:49836 Closing
[Wed Jan 28 17:05:52 2026] [::1]:49837 Accepted
[Wed Jan 28 17:05:52 2026] [::1]:49837 [200]: GET /lib_independent/font-awesome.min.css
[Wed Jan 28 17:05:52 2026] [::1]:49837 Closing
[Wed Jan 28 17:05:52 2026] [::1]:49840 Accepted
[Wed Jan 28 17:05:52 2026] [::1]:49841 Accepted
[Wed Jan 28 17:05:52 2026] [::1]:49842 Accepted
[Wed Jan 28 17:05:52 2026] [::1]:49840 [200]: GET /lib_independent/jquery-confirm.min.css
[Wed Jan 28 17:05:52 2026] [::1]:49841 [200]: GET /lib_independent/notyf.min.css
[Wed Jan 28 17:05:52 2026] [::1]:49843 Accepted
[Wed Jan 28 17:05:52 2026] [::1]:49840 Closing
[Wed Jan 28 17:05:52 2026] [::1]:49841 Closing
[Wed Jan 28 17:05:52 2026] [::1]:49842 [200]: GET /lib_independent/css2.css
[Wed Jan 28 17:05:52 2026] [::1]:49844 Accepted
[Wed Jan 28 17:05:52 2026] [::1]:49842 Closing
[Wed Jan 28 17:05:52 2026] [::1]:49844 [200]: GET /vendors/simplebar/simplebar.min.js
[Wed Jan 28 17:05:52 2026] [::1]:49843 [200]: GET /vendors/simplebar/simplebar.min.css
[Wed Jan 28 17:05:52 2026] [::1]:49845 Accepted
[Wed Jan 28 17:05:52 2026] [::1]:49846 Accepted
[Wed Jan 28 17:05:52 2026] [::1]:49844 Closing
[Wed Jan 28 17:05:52 2026] [::1]:49843 Closing
[Wed Jan 28 17:05:52 2026] [::1]:49847 Accepted
[Wed Jan 28 17:05:52 2026] [::1]:49845 [200]: GET /assets/css/theme-rtl.min.css
[Wed Jan 28 17:05:52 2026] [::1]:49846 [200]: GET /assets/css/theme.min.css
[Wed Jan 28 17:05:52 2026] [::1]:49848 Accepted
[Wed Jan 28 17:05:52 2026] [::1]:49847 [200]: GET /assets/css/user-rtl.min.css
[Wed Jan 28 17:05:52 2026] [::1]:49845 Closing
[Wed Jan 28 17:05:52 2026] [::1]:49846 Closing
[Wed Jan 28 17:05:52 2026] [::1]:49847 Closing
[Wed Jan 28 17:05:52 2026] [::1]:49849 Accepted
[Wed Jan 28 17:05:52 2026] [::1]:49850 Accepted
[Wed Jan 28 17:05:52 2026] [::1]:49848 [200]: GET /assets/css/user.min.css
[Wed Jan 28 17:05:52 2026] [::1]:49849 [200]: GET /vendors/choices/choices.min.css
[Wed Jan 28 17:05:52 2026] [::1]:49851 Accepted
[Wed Jan 28 17:05:52 2026] [::1]:49850 [200]: GET /lib_independent/flatpickr.css
[Wed Jan 28 17:05:52 2026] [::1]:49848 Closing
[Wed Jan 28 17:05:52 2026] [::1]:49849 Closing
[Wed Jan 28 17:05:52 2026] [::1]:49850 Closing
[Wed Jan 28 17:05:52 2026] [::1]:49852 Accepted
[Wed Jan 28 17:05:52 2026] [::1]:49851 [200]: GET /lib_independent/style.css
[Wed Jan 28 17:05:52 2026] [::1]:49851 Closing
[Wed Jan 28 17:05:52 2026] [::1]:49853 Accepted
[Wed Jan 28 17:05:52 2026] [::1]:49854 Accepted
[Wed Jan 28 17:05:52 2026] [::1]:49852 [200]: GET /lib_independent/light.css
[Wed Jan 28 17:05:52 2026] [::1]:49852 Closing
[Wed Jan 28 17:05:52 2026] [::1]:49855 Accepted
[Wed Jan 28 17:05:52 2026] [::1]:49853 [200]: GET /vendors/summernote-0.9.0/summernote-bs5.min.css
[Wed Jan 28 17:05:52 2026] [::1]:49854 [200]: GET /vendors/bootstrap-datepicker-1.9.0/css/bootstrap-datepicker3.standalone.css
[Wed Jan 28 17:05:52 2026] [::1]:49853 Closing
[Wed Jan 28 17:05:52 2026] [::1]:49854 Closing
[Wed Jan 28 17:05:52 2026] [::1]:49856 Accepted
[Wed Jan 28 17:05:52 2026] [::1]:49855 [200]: GET /assets/js/config.js
[Wed Jan 28 17:05:52 2026] [::1]:49855 Closing
[Wed Jan 28 17:05:52 2026] [::1]:49856 [200]: GET /external_img/logo-pdam-13.png
[Wed Jan 28 17:05:52 2026] [::1]:49857 Accepted
[Wed Jan 28 17:05:52 2026] [::1]:49856 Closing
[Wed Jan 28 17:05:52 2026] [::1]:49857 [200]: GET /vendors/popper/popper.min.js
[Wed Jan 28 17:05:52 2026] [::1]:49857 Closing
[Wed Jan 28 17:05:52 2026] [::1]:49858 Accepted
[Wed Jan 28 17:05:52 2026] [::1]:49859 Accepted
[Wed Jan 28 17:05:52 2026] [::1]:49858 [200]: GET /vendors/bootstrap/bootstrap.min.js
[Wed Jan 28 17:05:52 2026] [::1]:49858 Closing
[Wed Jan 28 17:05:52 2026] [::1]:49859 [200]: GET /vendors/anchorjs/anchor.min.js
[Wed Jan 28 17:05:52 2026] [::1]:49859 Closing
[Wed Jan 28 17:05:52 2026] [::1]:49860 Accepted
[Wed Jan 28 17:05:52 2026] [::1]:49861 Accepted
[Wed Jan 28 17:05:52 2026] [::1]:49862 Accepted
[Wed Jan 28 17:05:52 2026] [::1]:49860 [200]: GET /vendors/is/is.min.js
[Wed Jan 28 17:05:52 2026] [::1]:49861 [200]: GET /vendors/fontawesome/all.min.js
[Wed Jan 28 17:05:52 2026] [::1]:49863 Accepted
[Wed Jan 28 17:05:52 2026] [::1]:49862 [200]: GET /vendors/lodash/lodash.min.js
[Wed Jan 28 17:05:52 2026] [::1]:49864 Accepted
[Wed Jan 28 17:05:52 2026] [::1]:49863 [200]: GET /vendors/list.js/list.min.js
[Wed Jan 28 17:05:52 2026] [::1]:49865 Accepted
[Wed Jan 28 17:05:52 2026] [::1]:49860 Closing
[Wed Jan 28 17:05:52 2026] [::1]:49864 [200]: GET /vendors/feather-icons/feather.min.js
[Wed Jan 28 17:05:52 2026] [::1]:49862 Closing
[Wed Jan 28 17:05:52 2026] [::1]:49865 [200]: GET /vendors/dayjs/dayjs.min.js
[Wed Jan 28 17:05:52 2026] [::1]:49863 Closing
[Wed Jan 28 17:05:52 2026] [::1]:49866 Accepted
[Wed Jan 28 17:05:52 2026] [::1]:49864 Closing
[Wed Jan 28 17:05:52 2026] [::1]:49867 Accepted
[Wed Jan 28 17:05:52 2026] [::1]:49866 [200]: GET /vendors/choices/choices.min.js
[Wed Jan 28 17:05:52 2026] [::1]:49865 Closing
[Wed Jan 28 17:05:52 2026] [::1]:49868 Accepted
[Wed Jan 28 17:05:52 2026] [::1]:49867 [200]: GET /vendors/prism/prism.js
[Wed Jan 28 17:05:52 2026] [::1]:49868 [200]: GET /assets/js/phoenix.js
[Wed Jan 28 17:05:52 2026] [::1]:49866 Closing
[Wed Jan 28 17:05:52 2026] [::1]:49867 Closing
[Wed Jan 28 17:05:52 2026] [::1]:49868 Closing
[Wed Jan 28 17:05:52 2026] [::1]:49869 Accepted
[Wed Jan 28 17:05:52 2026] [::1]:49870 Accepted
[Wed Jan 28 17:05:52 2026] [::1]:49869 [200]: GET /lib_independent/jquery-3.7.1.min.js
[Wed Jan 28 17:05:52 2026] [::1]:49871 Accepted
[Wed Jan 28 17:05:52 2026] [::1]:49870 [200]: GET /lib_independent/dataTables.min.js
[Wed Jan 28 17:05:52 2026] [::1]:49872 Accepted
[Wed Jan 28 17:05:52 2026] [::1]:49871 [200]: GET /lib_independent/dataTables.bootstrap5.min.js
[Wed Jan 28 17:05:52 2026] [::1]:49873 Accepted
[Wed Jan 28 17:05:52 2026] [::1]:49869 Closing
[Wed Jan 28 17:05:52 2026] [::1]:49872 [200]: GET /lib_independent/select2.min.js
[Wed Jan 28 17:05:52 2026] [::1]:49874 Accepted
[Wed Jan 28 17:05:52 2026] [::1]:49870 Closing
[Wed Jan 28 17:05:52 2026] [::1]:49873 [200]: GET /lib_independent/jquery-confirm.min.js
[Wed Jan 28 17:05:52 2026] [::1]:49861 Closing
[Wed Jan 28 17:05:52 2026] [::1]:49874 [200]: GET /assets/img/generic/auto.png
[Wed Jan 28 17:05:52 2026] [::1]:49871 Closing
[Wed Jan 28 17:05:52 2026] [::1]:49872 Closing
[Wed Jan 28 17:05:52 2026] [::1]:49873 Closing
[Wed Jan 28 17:05:52 2026] [::1]:49876 Accepted
[Wed Jan 28 17:05:52 2026] [::1]:49874 Closing
[Wed Jan 28 17:05:52 2026] [::1]:49877 Accepted
[Wed Jan 28 17:05:52 2026] [::1]:49878 Accepted
[Wed Jan 28 17:05:52 2026] [::1]:49879 Accepted
[Wed Jan 28 17:05:52 2026] [::1]:49876 [200]: GET /assets/img/generic/top-default.png
[Wed Jan 28 17:05:52 2026] [::1]:49877 [200]: GET /assets/img/generic/navbar-top-style-light.png
[Wed Jan 28 17:05:52 2026] [::1]:49880 Accepted
[Wed Jan 28 17:05:52 2026] [::1]:49878 [200]: GET /assets/img/generic/default-light.png
[Wed Jan 28 17:05:52 2026] [::1]:49879 [200]: GET /assets/img/generic/default-dark.png
[Wed Jan 28 17:05:52 2026] [::1]:49881 Accepted
[Wed Jan 28 17:05:52 2026] [::1]:49880 [200]: GET /assets/img/generic/nav-combo-light.png
[Wed Jan 28 17:05:52 2026] [::1]:49876 Closing
[Wed Jan 28 17:05:52 2026] [::1]:49877 Closing
[Wed Jan 28 17:05:52 2026] [::1]:49881 [200]: GET /lib_independent/notyf.min.js
[Wed Jan 28 17:05:52 2026] [::1]:49878 Closing
[Wed Jan 28 17:05:52 2026] [::1]:49879 Closing
[Wed Jan 28 17:05:52 2026] [::1]:49882 Accepted
[Wed Jan 28 17:05:52 2026] [::1]:49880 Closing
[Wed Jan 28 17:05:52 2026] [::1]:49881 Closing
[Wed Jan 28 17:05:52 2026] [::1]:49883 Accepted
[Wed Jan 28 17:05:52 2026] [::1]:49884 Accepted
[Wed Jan 28 17:05:52 2026] [::1]:49885 Accepted
[Wed Jan 28 17:05:52 2026] [::1]:49883 [200]: GET /lib_independent/additional-methods.min.js
[Wed Jan 28 17:05:52 2026] [::1]:49882 [200]: GET /lib_independent/jquery.validate.min.js
[Wed Jan 28 17:05:52 2026] [::1]:49884 [200]: GET /lib_independent/flatpickr.js
[Wed Jan 28 17:05:52 2026] [::1]:49886 Accepted
[Wed Jan 28 17:05:52 2026] [::1]:49885 [200]: GET /lib_independent/index.js
[Wed Jan 28 17:05:52 2026] [::1]:49887 Accepted
[Wed Jan 28 17:05:52 2026] [::1]:49886 [200]: GET /lib_independent/id.js
[Wed Jan 28 17:05:52 2026] [::1]:49888 Accepted
[Wed Jan 28 17:05:52 2026] [::1]:49883 Closing
[Wed Jan 28 17:05:52 2026] [::1]:49882 Closing
[Wed Jan 28 17:05:52 2026] [::1]:49884 Closing
[Wed Jan 28 17:05:52 2026] [::1]:49887 [200]: GET /lib_independent/moment-with-locales.min.js
[Wed Jan 28 17:05:52 2026] [::1]:49889 Accepted
[Wed Jan 28 17:05:52 2026] [::1]:49885 Closing
[Wed Jan 28 17:05:52 2026] [::1]:49888 [200]: GET /vendors/summernote-0.9.0/summernote-bs5.min.js
[Wed Jan 28 17:05:52 2026] [::1]:49890 Accepted
[Wed Jan 28 17:05:52 2026] [::1]:49889 [200]: GET /vendors/bootstrap-datepicker-1.9.0/js/bootstrap-datepicker.min.js
[Wed Jan 28 17:05:52 2026] [::1]:49886 Closing
[Wed Jan 28 17:05:52 2026] [::1]:49890 [200]: GET /vendors/bootstrap-datepicker-1.9.0/locales/bootstrap-datepicker.id.min.js
[Wed Jan 28 17:05:52 2026] [::1]:49889 Closing
[Wed Jan 28 17:05:52 2026] [::1]:49887 Closing
[Wed Jan 28 17:05:52 2026] [::1]:49888 Closing
[Wed Jan 28 17:05:52 2026] [::1]:49890 Closing
[Wed Jan 28 17:05:52 2026] [::1]:49891 Accepted
[Wed Jan 28 17:05:52 2026] [::1]:49892 Accepted
[Wed Jan 28 17:05:52 2026] [::1]:49893 Accepted
[Wed Jan 28 17:05:52 2026] [::1]:49891 [200]: GET /lib_independent/shortcut.js
[Wed Jan 28 17:05:52 2026] [::1]:49892 [404]: GET /external_img/logo-pdamid-13.png - No such file or directory
[Wed Jan 28 17:05:52 2026] [::1]:49894 Accepted
[Wed Jan 28 17:05:52 2026] [::1]:49892 Closing
[Wed Jan 28 17:05:52 2026] [::1]:49893 [200]: GET /assets/img/generic/top-default-dark.png
[Wed Jan 28 17:05:52 2026] [::1]:49894 [200]: GET /assets/img/generic/nav-combo-dark.png
[Wed Jan 28 17:05:52 2026] [::1]:49891 Closing
[Wed Jan 28 17:05:52 2026] [::1]:49893 Closing
[Wed Jan 28 17:05:52 2026] [::1]:49894 Closing
[Wed Jan 28 17:05:52 2026] [::1]:49895 Accepted
[Wed Jan 28 17:05:52 2026] [::1]:49896 Accepted
[Wed Jan 28 17:05:52 2026] [::1]:49895 [200]: GET /assets/img/generic/top-style-darker.png
[Wed Jan 28 17:05:52 2026] [::1]:49896 [200]: GET /assets/img/generic/top-style-lighter.png
[Wed Jan 28 17:05:52 2026] [::1]:49895 Closing
[Wed Jan 28 17:05:52 2026] [::1]:49896 Closing
[Wed Jan 28 17:05:52 2026] [::1]:49897 Accepted
[Wed Jan 28 17:05:52 2026] [::1]:49897 [200]: POST /panel/refdata/satker/datatable
[Wed Jan 28 17:05:52 2026] [::1]:49897 Closing
[Wed Jan 28 17:05:52 2026] [::1]:49900 Accepted
[Wed Jan 28 17:05:52 2026] [::1]:49900 [200]: POST /external_img/favicons/manifest.json
[Wed Jan 28 17:05:52 2026] [::1]:49900 Closing
[Wed Jan 28 17:06:43 2026] [::1]:50023 Accepted
[Wed Jan 28 17:06:44 2026] [::1]:50023 Closed without sending a request; it was probably just an unused speculative preconnection
[Wed Jan 28 17:06:44 2026] [::1]:50023 Closing
[Wed Jan 28 17:06:44 2026] [::1]:50034 Accepted
[Wed Jan 28 17:06:49 2026] [::1]:50034 Closed without sending a request; it was probably just an unused speculative preconnection
[Wed Jan 28 17:06:49 2026] [::1]:50034 Closing
[Wed Jan 28 17:06:50 2026] [::1]:50060 Accepted
[Wed Jan 28 17:06:54 2026] [::1]:50060 Closed without sending a request; it was probably just an unused speculative preconnection
[Wed Jan 28 17:06:54 2026] [::1]:50060 Closing
[Wed Jan 28 17:06:55 2026] [::1]:50094 Accepted
[Wed Jan 28 17:06:59 2026] [::1]:50094 Closed without sending a request; it was probably just an unused speculative preconnection
[Wed Jan 28 17:06:59 2026] [::1]:50094 Closing
[Wed Jan 28 17:07:04 2026] [::1]:50118 Accepted
[Wed Jan 28 17:07:04 2026] [::1]:50118 Closed without sending a request; it was probably just an unused speculative preconnection
[Wed Jan 28 17:07:04 2026] [::1]:50118 Closing
[Wed Jan 28 17:07:43 2026] [::1]:50279 Accepted
[Wed Jan 28 17:07:43 2026] [::1]:50280 Accepted
[Wed Jan 28 17:07:44 2026] [::1]:50279 [200]: GET /panel/refdata/satker
[Wed Jan 28 17:07:44 2026] [::1]:50279 Closing
[Wed Jan 28 17:07:44 2026] [::1]:50280 [200]: GET /lib_independent/font-awesome.min.css
[Wed Jan 28 17:07:44 2026] [::1]:50280 Closing
[Wed Jan 28 17:07:44 2026] [::1]:50282 Accepted
[Wed Jan 28 17:07:44 2026] [::1]:50283 Accepted
[Wed Jan 28 17:07:44 2026] [::1]:50282 [200]: GET /lib_independent/jquery-confirm.min.css
[Wed Jan 28 17:07:44 2026] [::1]:50284 Accepted
[Wed Jan 28 17:07:44 2026] [::1]:50285 Accepted
[Wed Jan 28 17:07:44 2026] [::1]:50282 Closing
[Wed Jan 28 17:07:44 2026] [::1]:50283 [200]: GET /lib_independent/notyf.min.css
[Wed Jan 28 17:07:44 2026] [::1]:50284 [200]: GET /vendors/simplebar/simplebar.min.js
[Wed Jan 28 17:07:44 2026] [::1]:50286 Accepted
[Wed Jan 28 17:07:44 2026] [::1]:50283 Closing
[Wed Jan 28 17:07:44 2026] [::1]:50284 Closing
[Wed Jan 28 17:07:44 2026] [::1]:50285 [200]: GET /lib_independent/css2.css
[Wed Jan 28 17:07:44 2026] [::1]:50287 Accepted
[Wed Jan 28 17:07:44 2026] [::1]:50285 Closing
[Wed Jan 28 17:07:44 2026] [::1]:50286 [200]: GET /vendors/simplebar/simplebar.min.css
[Wed Jan 28 17:07:44 2026] [::1]:50287 [200]: GET /assets/css/theme-rtl.min.css
[Wed Jan 28 17:07:44 2026] [::1]:50286 Closing
[Wed Jan 28 17:07:44 2026] [::1]:50287 Closing
[Wed Jan 28 17:07:44 2026] [::1]:50288 Accepted
[Wed Jan 28 17:07:44 2026] [::1]:50288 [200]: GET /assets/css/theme.min.css
[Wed Jan 28 17:07:44 2026] [::1]:50289 Accepted
[Wed Jan 28 17:07:44 2026] [::1]:50290 Accepted
[Wed Jan 28 17:07:44 2026] [::1]:50291 Accepted
[Wed Jan 28 17:07:44 2026] [::1]:50288 Closing
[Wed Jan 28 17:07:44 2026] [::1]:50289 [200]: GET /assets/css/user-rtl.min.css
[Wed Jan 28 17:07:44 2026] [::1]:50290 [200]: GET /assets/css/user.min.css
[Wed Jan 28 17:07:44 2026] [::1]:50291 [200]: GET /vendors/choices/choices.min.css
[Wed Jan 28 17:07:44 2026] [::1]:50292 Accepted
[Wed Jan 28 17:07:44 2026] [::1]:50292 [200]: GET /lib_independent/flatpickr.css
[Wed Jan 28 17:07:44 2026] [::1]:50289 Closing
[Wed Jan 28 17:07:44 2026] [::1]:50290 Closing
[Wed Jan 28 17:07:44 2026] [::1]:50291 Closing
[Wed Jan 28 17:07:44 2026] [::1]:50293 Accepted
[Wed Jan 28 17:07:44 2026] [::1]:50294 Accepted
[Wed Jan 28 17:07:44 2026] [::1]:50293 [200]: GET /lib_independent/style.css
[Wed Jan 28 17:07:44 2026] [::1]:50292 Closing
[Wed Jan 28 17:07:44 2026] [::1]:50295 Accepted
[Wed Jan 28 17:07:44 2026] [::1]:50294 [200]: GET /lib_independent/light.css
[Wed Jan 28 17:07:44 2026] [::1]:50295 [200]: GET /vendors/summernote-0.9.0/summernote-bs5.min.css
[Wed Jan 28 17:07:44 2026] [::1]:50293 Closing
[Wed Jan 28 17:07:44 2026] [::1]:50296 Accepted
[Wed Jan 28 17:07:44 2026] [::1]:50294 Closing
[Wed Jan 28 17:07:44 2026] [::1]:50297 Accepted
[Wed Jan 28 17:07:44 2026] [::1]:50295 Closing
[Wed Jan 28 17:07:44 2026] [::1]:50296 [200]: GET /vendors/bootstrap-datepicker-1.9.0/css/bootstrap-datepicker3.standalone.css
[Wed Jan 28 17:07:44 2026] [::1]:50297 [200]: GET /assets/js/config.js
[Wed Jan 28 17:07:44 2026] [::1]:50298 Accepted
[Wed Jan 28 17:07:44 2026] [::1]:50296 Closing
[Wed Jan 28 17:07:44 2026] [::1]:50299 Accepted
[Wed Jan 28 17:07:44 2026] [::1]:50297 Closing
[Wed Jan 28 17:07:44 2026] [::1]:50298 [200]: GET /external_img/logo-pdam-13.png
[Wed Jan 28 17:07:44 2026] [::1]:50299 [200]: GET /vendors/popper/popper.min.js
[Wed Jan 28 17:07:44 2026] [::1]:50299 Closing
[Wed Jan 28 17:07:44 2026] [::1]:50298 Closing
[Wed Jan 28 17:07:44 2026] [::1]:50300 Accepted
[Wed Jan 28 17:07:44 2026] [::1]:50301 Accepted
[Wed Jan 28 17:07:44 2026] [::1]:50300 [200]: GET /vendors/bootstrap/bootstrap.min.js
[Wed Jan 28 17:07:44 2026] [::1]:50302 Accepted
[Wed Jan 28 17:07:44 2026] [::1]:50301 [200]: GET /vendors/anchorjs/anchor.min.js
[Wed Jan 28 17:07:44 2026] [::1]:50303 Accepted
[Wed Jan 28 17:07:44 2026] [::1]:50300 Closing
[Wed Jan 28 17:07:44 2026] [::1]:50304 Accepted
[Wed Jan 28 17:07:44 2026] [::1]:50301 Closing
[Wed Jan 28 17:07:44 2026] [::1]:50302 [200]: GET /vendors/is/is.min.js
[Wed Jan 28 17:07:44 2026] [::1]:50303 [200]: GET /vendors/fontawesome/all.min.js
[Wed Jan 28 17:07:44 2026] [::1]:50305 Accepted
[Wed Jan 28 17:07:44 2026] [::1]:50304 [200]: GET /vendors/lodash/lodash.min.js
[Wed Jan 28 17:07:44 2026] [::1]:50305 [200]: GET /vendors/list.js/list.min.js
[Wed Jan 28 17:07:44 2026] [::1]:50302 Closing
[Wed Jan 28 17:07:44 2026] [::1]:50304 Closing
[Wed Jan 28 17:07:44 2026] [::1]:50305 Closing
[Wed Jan 28 17:07:44 2026] [::1]:50306 Accepted
[Wed Jan 28 17:07:44 2026] [::1]:50307 Accepted
[Wed Jan 28 17:07:44 2026] [::1]:50306 [200]: GET /vendors/feather-icons/feather.min.js
[Wed Jan 28 17:07:44 2026] [::1]:50308 Accepted
[Wed Jan 28 17:07:44 2026] [::1]:50307 [200]: GET /vendors/dayjs/dayjs.min.js
[Wed Jan 28 17:07:44 2026] [::1]:50309 Accepted
[Wed Jan 28 17:07:44 2026] [::1]:50308 [200]: GET /vendors/choices/choices.min.js
[Wed Jan 28 17:07:44 2026] [::1]:50310 Accepted
[Wed Jan 28 17:07:44 2026] [::1]:50306 Closing
[Wed Jan 28 17:07:44 2026] [::1]:50309 [200]: GET /vendors/prism/prism.js
[Wed Jan 28 17:07:44 2026] [::1]:50307 Closing
[Wed Jan 28 17:07:44 2026] [::1]:50310 [200]: GET /assets/js/phoenix.js
[Wed Jan 28 17:07:44 2026] [::1]:50311 Accepted
[Wed Jan 28 17:07:44 2026] [::1]:50308 Closing
[Wed Jan 28 17:07:44 2026] [::1]:50303 Closing
[Wed Jan 28 17:07:44 2026] [::1]:50312 Accepted
[Wed Jan 28 17:07:44 2026] [::1]:50311 [200]: GET /lib_independent/jquery-3.7.1.min.js
[Wed Jan 28 17:07:44 2026] [::1]:50309 Closing
[Wed Jan 28 17:07:44 2026] [::1]:50312 [200]: GET /assets/img/generic/navbar-top-style-light.png
[Wed Jan 28 17:07:44 2026] [::1]:50313 Accepted
[Wed Jan 28 17:07:44 2026] [::1]:50310 Closing
[Wed Jan 28 17:07:44 2026] [::1]:50314 Accepted
[Wed Jan 28 17:07:44 2026] [::1]:50311 Closing
[Wed Jan 28 17:07:44 2026] [::1]:50314 [200]: GET /assets/img/generic/nav-combo-light.png
[Wed Jan 28 17:07:44 2026] [::1]:50312 Closing
[Wed Jan 28 17:07:44 2026] [::1]:50313 [200]: GET /assets/img/generic/default-dark.png
[Wed Jan 28 17:07:44 2026] [::1]:50314 Closing
[Wed Jan 28 17:07:44 2026] [::1]:50313 Closing
[Wed Jan 28 17:07:44 2026] [::1]:50315 Accepted
[Wed Jan 28 17:07:44 2026] [::1]:50315 [200]: GET /assets/img/generic/top-default.png
[Wed Jan 28 17:07:44 2026] [::1]:50315 Closing
[Wed Jan 28 17:07:44 2026] [::1]:50316 Accepted
[Wed Jan 28 17:07:44 2026] [::1]:50317 Accepted
[Wed Jan 28 17:07:44 2026] [::1]:50316 [200]: GET /assets/img/generic/default-light.png
[Wed Jan 28 17:07:44 2026] [::1]:50318 Accepted
[Wed Jan 28 17:07:44 2026] [::1]:50317 [200]: GET /assets/img/generic/auto.png
[Wed Jan 28 17:07:44 2026] [::1]:50319 Accepted
[Wed Jan 28 17:07:44 2026] [::1]:50318 [200]: GET /lib_independent/dataTables.min.js
[Wed Jan 28 17:07:44 2026] [::1]:50320 Accepted
[Wed Jan 28 17:07:44 2026] [::1]:50316 Closing
[Wed Jan 28 17:07:44 2026] [::1]:50319 [200]: GET /lib_independent/dataTables.bootstrap5.min.js
[Wed Jan 28 17:07:44 2026] [::1]:50321 Accepted
[Wed Jan 28 17:07:44 2026] [::1]:50317 Closing
[Wed Jan 28 17:07:44 2026] [::1]:50320 [200]: GET /lib_independent/select2.min.js
[Wed Jan 28 17:07:44 2026] [::1]:50322 Accepted
[Wed Jan 28 17:07:44 2026] [::1]:50321 [200]: GET /lib_independent/jquery-confirm.min.js
[Wed Jan 28 17:07:44 2026] [::1]:50318 Closing
[Wed Jan 28 17:07:44 2026] [::1]:50323 Accepted
[Wed Jan 28 17:07:44 2026] [::1]:50322 [200]: GET /lib_independent/notyf.min.js
[Wed Jan 28 17:07:44 2026] [::1]:50319 Closing
[Wed Jan 28 17:07:44 2026] [::1]:50324 Accepted
[Wed Jan 28 17:07:44 2026] [::1]:50323 [200]: GET /lib_independent/jquery.validate.min.js
[Wed Jan 28 17:07:44 2026] [::1]:50320 Closing
[Wed Jan 28 17:07:44 2026] [::1]:50324 [200]: GET /lib_independent/additional-methods.min.js
[Wed Jan 28 17:07:44 2026] [::1]:50321 Closing
[Wed Jan 28 17:07:44 2026] [::1]:50325 Accepted
[Wed Jan 28 17:07:44 2026] [::1]:50322 Closing
[Wed Jan 28 17:07:44 2026] [::1]:50326 Accepted
[Wed Jan 28 17:07:44 2026] [::1]:50323 Closing
[Wed Jan 28 17:07:44 2026] [::1]:50324 Closing
[Wed Jan 28 17:07:44 2026] [::1]:50325 [200]: GET /lib_independent/flatpickr.js
[Wed Jan 28 17:07:44 2026] [::1]:50327 Accepted
[Wed Jan 28 17:07:44 2026] [::1]:50328 Accepted
[Wed Jan 28 17:07:44 2026] [::1]:50329 Accepted
[Wed Jan 28 17:07:44 2026] [::1]:50327 [200]: GET /lib_independent/id.js
[Wed Jan 28 17:07:44 2026] [::1]:50325 Closing
[Wed Jan 28 17:07:44 2026] [::1]:50328 [200]: GET /lib_independent/moment-with-locales.min.js
[Wed Jan 28 17:07:44 2026] [::1]:50326 [200]: GET /lib_independent/index.js
[Wed Jan 28 17:07:44 2026] [::1]:50330 Accepted
[Wed Jan 28 17:07:44 2026] [::1]:50329 [200]: GET /vendors/summernote-0.9.0/summernote-bs5.min.js
[Wed Jan 28 17:07:44 2026] [::1]:50330 [200]: GET /vendors/bootstrap-datepicker-1.9.0/js/bootstrap-datepicker.min.js
[Wed Jan 28 17:07:44 2026] [::1]:50327 Closing
[Wed Jan 28 17:07:44 2026] [::1]:50326 Closing
[Wed Jan 28 17:07:44 2026] [::1]:50331 Accepted
[Wed Jan 28 17:07:44 2026] [::1]:50328 Closing
[Wed Jan 28 17:07:44 2026] [::1]:50329 Closing
[Wed Jan 28 17:07:44 2026] [::1]:50330 Closing
[Wed Jan 28 17:07:44 2026] [::1]:50332 Accepted
[Wed Jan 28 17:07:44 2026] [::1]:50331 [200]: GET /vendors/bootstrap-datepicker-1.9.0/locales/bootstrap-datepicker.id.min.js
[Wed Jan 28 17:07:44 2026] [::1]:50333 Accepted
[Wed Jan 28 17:07:44 2026] [::1]:50332 [200]: GET /lib_independent/shortcut.js
[Wed Jan 28 17:07:44 2026] [::1]:50333 [404]: GET /external_img/logo-pdamid-13.png - No such file or directory
[Wed Jan 28 17:07:44 2026] [::1]:50331 Closing
[Wed Jan 28 17:07:44 2026] [::1]:50333 Closing
[Wed Jan 28 17:07:44 2026] [::1]:50334 Accepted
[Wed Jan 28 17:07:44 2026] [::1]:50332 Closing
[Wed Jan 28 17:07:44 2026] [::1]:50335 Accepted
[Wed Jan 28 17:07:44 2026] [::1]:50335 [200]: GET /assets/img/generic/nav-combo-dark.png
[Wed Jan 28 17:07:44 2026] [::1]:50334 [200]: GET /assets/img/generic/top-default-dark.png
[Wed Jan 28 17:07:44 2026] [::1]:50336 Accepted
[Wed Jan 28 17:07:44 2026] [::1]:50337 Accepted
[Wed Jan 28 17:07:44 2026] [::1]:50336 [200]: GET /assets/img/generic/top-style-darker.png
[Wed Jan 28 17:07:44 2026] [::1]:50335 Closing
[Wed Jan 28 17:07:44 2026] [::1]:50334 Closing
[Wed Jan 28 17:07:44 2026] [::1]:50337 [200]: GET /assets/img/generic/top-style-lighter.png
[Wed Jan 28 17:07:44 2026] [::1]:50336 Closing
[Wed Jan 28 17:07:44 2026] [::1]:50337 Closing
[Wed Jan 28 17:07:44 2026] [::1]:50338 Accepted
[Wed Jan 28 17:07:44 2026] [::1]:50338 [200]: POST /panel/refdata/satker/datatable
[Wed Jan 28 17:07:44 2026] [::1]:50338 Closing
[Wed Jan 28 17:07:44 2026] [::1]:50340 Accepted
[Wed Jan 28 17:07:44 2026] [::1]:50341 Accepted
[Wed Jan 28 17:07:44 2026] [::1]:50340 [200]: POST /external_img/favicons/manifest.json
[Wed Jan 28 17:07:44 2026] [::1]:50341 [200]: POST /external_img/favicons/favicon.ico
[Wed Jan 28 17:07:44 2026] [::1]:50340 Closing
[Wed Jan 28 17:07:44 2026] [::1]:50341 Closing
